<?xml version="1.0" encoding="ISO-8859-1" ?>
<link_info>
   <banner>TI ARM Linker PC v20.2.5.LTS</banner>
   <copyright>Copyright (c) 1996-2018 Texas Instruments Incorporated</copyright>
   <link_time>0x6a1a5064</link_time>
   <link_errors>0x1</link_errors>
   <output_file>i2c_demo.out</output_file>
   <entry_point>
      <name>_c_int00_noargs</name>
      <address>0x2000a99d</address>
   </entry_point>
   <input_file_list>
      <input_file id="fl-2">
         <path>.\</path>
         <kind>object</kind>
         <file>gpio_if.obj</file>
         <name>gpio_if.obj</name>
      </input_file>
      <input_file id="fl-3">
         <path>.\</path>
         <kind>object</kind>
         <file>i2c_if.obj</file>
         <name>i2c_if.obj</name>
      </input_file>
      <input_file id="fl-4">
         <path>.\</path>
         <kind>object</kind>
         <file>main.obj</file>
         <name>main.obj</name>
      </input_file>
      <input_file id="fl-5">
         <path>.\</path>
         <kind>object</kind>
         <file>network_common.obj</file>
         <name>network_common.obj</name>
      </input_file>
      <input_file id="fl-6">
         <path>.\</path>
         <kind>object</kind>
         <file>oled_ssd1351.obj</file>
         <name>oled_ssd1351.obj</name>
      </input_file>
      <input_file id="fl-7">
         <path>.\</path>
         <kind>object</kind>
         <file>pinmux.obj</file>
         <name>pinmux.obj</name>
      </input_file>
      <input_file id="fl-8">
         <path>.\</path>
         <kind>object</kind>
         <file>startup_ccs.obj</file>
         <name>startup_ccs.obj</name>
      </input_file>
      <input_file id="fl-9">
         <path>.\</path>
         <kind>object</kind>
         <file>uart_if.obj</file>
         <name>uart_if.obj</name>
      </input_file>
      <input_file id="fl-a">
         <path>.\utils\</path>
         <kind>object</kind>
         <file>network_utils.obj</file>
         <name>network_utils.obj</name>
      </input_file>
      <input_file id="fl-f">
         <kind>object</kind>
         <file>&lt;internal&gt;</file>
         <name>&lt;internal&gt;</name>
      </input_file>
      <input_file id="fl-10">
         <path>C:\TI\CC3200SDK_1.4.0\cc3200-sdk\driverlib\ccs\Release\</path>
         <kind>archive</kind>
         <file>driverlib.a</file>
         <name>gpio.obj</name>
      </input_file>
      <input_file id="fl-11">
         <path>C:\TI\CC3200SDK_1.4.0\cc3200-sdk\driverlib\ccs\Release\</path>
         <kind>archive</kind>
         <file>driverlib.a</file>
         <name>i2c.obj</name>
      </input_file>
      <input_file id="fl-12">
         <path>C:\TI\CC3200SDK_1.4.0\cc3200-sdk\driverlib\ccs\Release\</path>
         <kind>archive</kind>
         <file>driverlib.a</file>
         <name>interrupt.obj</name>
      </input_file>
      <input_file id="fl-13">
         <path>C:\TI\CC3200SDK_1.4.0\cc3200-sdk\driverlib\ccs\Release\</path>
         <kind>archive</kind>
         <file>driverlib.a</file>
         <name>pin.obj</name>
      </input_file>
      <input_file id="fl-14">
         <path>C:\TI\CC3200SDK_1.4.0\cc3200-sdk\driverlib\ccs\Release\</path>
         <kind>archive</kind>
         <file>driverlib.a</file>
         <name>prcm.obj</name>
      </input_file>
      <input_file id="fl-15">
         <path>C:\TI\CC3200SDK_1.4.0\cc3200-sdk\driverlib\ccs\Release\</path>
         <kind>archive</kind>
         <file>driverlib.a</file>
         <name>spi.obj</name>
      </input_file>
      <input_file id="fl-16">
         <path>C:\TI\CC3200SDK_1.4.0\cc3200-sdk\driverlib\ccs\Release\</path>
         <kind>archive</kind>
         <file>driverlib.a</file>
         <name>uart.obj</name>
      </input_file>
      <input_file id="fl-17">
         <path>C:\TI\CC3200SDK_1.4.0\cc3200-sdk\driverlib\ccs\Release\</path>
         <kind>archive</kind>
         <file>driverlib.a</file>
         <name>utils.obj</name>
      </input_file>
      <input_file id="fl-18">
         <path>C:\TI\CC3200SDK_1.4.0\cc3200-sdk\driverlib\ccs\Release\</path>
         <kind>archive</kind>
         <file>driverlib.a</file>
         <name>cpu.obj</name>
      </input_file>
      <input_file id="fl-19">
         <path>C:\TI\CC3200SDK_1.4.0\cc3200-sdk\driverlib\ccs\Release\</path>
         <kind>archive</kind>
         <file>driverlib.a</file>
         <name>flash.obj</name>
      </input_file>
      <input_file id="fl-cf">
         <path>C:\TI\ccs1040\ccs\tools\compiler\ti-cgt-arm_20.2.5.LTS\lib\</path>
         <kind>archive</kind>
         <file>rtsv7M4_T_le_eabi.lib</file>
         <name>sprintf.c.obj</name>
      </input_file>
      <input_file id="fl-d0">
         <path>C:\TI\ccs1040\ccs\tools\compiler\ti-cgt-arm_20.2.5.LTS\lib\</path>
         <kind>archive</kind>
         <file>rtsv7M4_T_le_eabi.lib</file>
         <name>vsnprintf.c.obj</name>
      </input_file>
      <input_file id="fl-d1">
         <path>C:\TI\ccs1040\ccs\tools\compiler\ti-cgt-arm_20.2.5.LTS\lib\</path>
         <kind>archive</kind>
         <file>rtsv7M4_T_le_eabi.lib</file>
         <name>e_acosf.c.obj</name>
      </input_file>
      <input_file id="fl-d2">
         <path>C:\TI\ccs1040\ccs\tools\compiler\ti-cgt-arm_20.2.5.LTS\lib\</path>
         <kind>archive</kind>
         <file>rtsv7M4_T_le_eabi.lib</file>
         <name>e_sqrtf.c.obj</name>
      </input_file>
      <input_file id="fl-d3">
         <path>C:\TI\ccs1040\ccs\tools\compiler\ti-cgt-arm_20.2.5.LTS\lib\</path>
         <kind>archive</kind>
         <file>rtsv7M4_T_le_eabi.lib</file>
         <name>fs_add_t2.asm.obj</name>
      </input_file>
      <input_file id="fl-d4">
         <path>C:\TI\ccs1040\ccs\tools\compiler\ti-cgt-arm_20.2.5.LTS\lib\</path>
         <kind>archive</kind>
         <file>rtsv7M4_T_le_eabi.lib</file>
         <name>fs_cmp_t2.asm.obj</name>
      </input_file>
      <input_file id="fl-d5">
         <path>C:\TI\ccs1040\ccs\tools\compiler\ti-cgt-arm_20.2.5.LTS\lib\</path>
         <kind>archive</kind>
         <file>rtsv7M4_T_le_eabi.lib</file>
         <name>fs_div_t2.asm.obj</name>
      </input_file>
      <input_file id="fl-d6">
         <path>C:\TI\ccs1040\ccs\tools\compiler\ti-cgt-arm_20.2.5.LTS\lib\</path>
         <kind>archive</kind>
         <file>rtsv7M4_T_le_eabi.lib</file>
         <name>fs_mul_t2.asm.obj</name>
      </input_file>
      <input_file id="fl-d7">
         <path>C:\TI\ccs1040\ccs\tools\compiler\ti-cgt-arm_20.2.5.LTS\lib\</path>
         <kind>archive</kind>
         <file>rtsv7M4_T_le_eabi.lib</file>
         <name>fs_tod_t2.asm.obj</name>
      </input_file>
      <input_file id="fl-d8">
         <path>C:\TI\ccs1040\ccs\tools\compiler\ti-cgt-arm_20.2.5.LTS\lib\</path>
         <kind>archive</kind>
         <file>rtsv7M4_T_le_eabi.lib</file>
         <name>i_tofs_t2.asm.obj</name>
      </input_file>
      <input_file id="fl-d9">
         <path>C:\TI\ccs1040\ccs\tools\compiler\ti-cgt-arm_20.2.5.LTS\lib\</path>
         <kind>archive</kind>
         <file>rtsv7M4_T_le_eabi.lib</file>
         <name>memcpy_t2.asm.obj</name>
      </input_file>
      <input_file id="fl-da">
         <path>C:\TI\ccs1040\ccs\tools\compiler\ti-cgt-arm_20.2.5.LTS\lib\</path>
         <kind>archive</kind>
         <file>rtsv7M4_T_le_eabi.lib</file>
         <name>ull_div_t2.asm.obj</name>
      </input_file>
      <input_file id="fl-db">
         <path>C:\TI\ccs1040\ccs\tools\compiler\ti-cgt-arm_20.2.5.LTS\lib\</path>
         <kind>archive</kind>
         <file>rtsv7M4_T_le_eabi.lib</file>
         <name>memset_t2.asm.obj</name>
      </input_file>
      <input_file id="fl-dc">
         <path>C:\TI\ccs1040\ccs\tools\compiler\ti-cgt-arm_20.2.5.LTS\lib\</path>
         <kind>archive</kind>
         <file>rtsv7M4_T_le_eabi.lib</file>
         <name>copy_zero_init.c.obj</name>
      </input_file>
      <input_file id="fl-dd">
         <path>C:\TI\ccs1040\ccs\tools\compiler\ti-cgt-arm_20.2.5.LTS\lib\</path>
         <kind>archive</kind>
         <file>rtsv7M4_T_le_eabi.lib</file>
         <name>copy_decompress_none.c.obj</name>
      </input_file>
      <input_file id="fl-de">
         <path>C:\TI\ccs1040\ccs\tools\compiler\ti-cgt-arm_20.2.5.LTS\lib\</path>
         <kind>archive</kind>
         <file>rtsv7M4_T_le_eabi.lib</file>
         <name>copy_decompress_lzss.c.obj</name>
      </input_file>
      <input_file id="fl-df">
         <path>C:\TI\ccs1040\ccs\tools\compiler\ti-cgt-arm_20.2.5.LTS\lib\</path>
         <kind>archive</kind>
         <file>rtsv7M4_T_le_eabi.lib</file>
         <name>memmov.c.obj</name>
      </input_file>
      <input_file id="fl-e0">
         <path>C:\TI\ccs1040\ccs\tools\compiler\ti-cgt-arm_20.2.5.LTS\lib\</path>
         <kind>archive</kind>
         <file>rtsv7M4_T_le_eabi.lib</file>
         <name>memory.c.obj</name>
      </input_file>
      <input_file id="fl-e1">
         <path>C:\TI\ccs1040\ccs\tools\compiler\ti-cgt-arm_20.2.5.LTS\lib\</path>
         <kind>archive</kind>
         <file>rtsv7M4_T_le_eabi.lib</file>
         <name>strcpy.c.obj</name>
      </input_file>
      <input_file id="fl-e2">
         <path>C:\TI\ccs1040\ccs\tools\compiler\ti-cgt-arm_20.2.5.LTS\lib\</path>
         <kind>archive</kind>
         <file>rtsv7M4_T_le_eabi.lib</file>
         <name>strlen.c.obj</name>
      </input_file>
      <input_file id="fl-e3">
         <path>C:\TI\ccs1040\ccs\tools\compiler\ti-cgt-arm_20.2.5.LTS\lib\</path>
         <kind>archive</kind>
         <file>rtsv7M4_T_le_eabi.lib</file>
         <name>errno.c.obj</name>
      </input_file>
      <input_file id="fl-e4">
         <path>C:\TI\ccs1040\ccs\tools\compiler\ti-cgt-arm_20.2.5.LTS\lib\</path>
         <kind>archive</kind>
         <file>rtsv7M4_T_le_eabi.lib</file>
         <name>boot_cortex_m.c.obj</name>
      </input_file>
      <input_file id="fl-e5">
         <path>C:\TI\ccs1040\ccs\tools\compiler\ti-cgt-arm_20.2.5.LTS\lib\</path>
         <kind>archive</kind>
         <file>rtsv7M4_T_le_eabi.lib</file>
         <name>_printfi.c.obj</name>
      </input_file>
      <input_file id="fl-e6">
         <path>C:\TI\ccs1040\ccs\tools\compiler\ti-cgt-arm_20.2.5.LTS\lib\</path>
         <kind>archive</kind>
         <file>rtsv7M4_T_le_eabi.lib</file>
         <name>s_frexp.c.obj</name>
      </input_file>
      <input_file id="fl-e7">
         <path>C:\TI\ccs1040\ccs\tools\compiler\ti-cgt-arm_20.2.5.LTS\lib\</path>
         <kind>archive</kind>
         <file>rtsv7M4_T_le_eabi.lib</file>
         <name>s_scalbn.c.obj</name>
      </input_file>
      <input_file id="fl-e8">
         <path>C:\TI\ccs1040\ccs\tools\compiler\ti-cgt-arm_20.2.5.LTS\lib\</path>
         <kind>archive</kind>
         <file>rtsv7M4_T_le_eabi.lib</file>
         <name>wcslen.c.obj</name>
      </input_file>
      <input_file id="fl-e9">
         <path>C:\TI\ccs1040\ccs\tools\compiler\ti-cgt-arm_20.2.5.LTS\lib\</path>
         <kind>archive</kind>
         <file>rtsv7M4_T_le_eabi.lib</file>
         <name>div0.asm.obj</name>
      </input_file>
      <input_file id="fl-ea">
         <path>C:\TI\ccs1040\ccs\tools\compiler\ti-cgt-arm_20.2.5.LTS\lib\</path>
         <kind>archive</kind>
         <file>rtsv7M4_T_le_eabi.lib</file>
         <name>fd_add_t2.asm.obj</name>
      </input_file>
      <input_file id="fl-eb">
         <path>C:\TI\ccs1040\ccs\tools\compiler\ti-cgt-arm_20.2.5.LTS\lib\</path>
         <kind>archive</kind>
         <file>rtsv7M4_T_le_eabi.lib</file>
         <name>fd_cmp_t2.asm.obj</name>
      </input_file>
      <input_file id="fl-ec">
         <path>C:\TI\ccs1040\ccs\tools\compiler\ti-cgt-arm_20.2.5.LTS\lib\</path>
         <kind>archive</kind>
         <file>rtsv7M4_T_le_eabi.lib</file>
         <name>fd_div_t2.asm.obj</name>
      </input_file>
      <input_file id="fl-ed">
         <path>C:\TI\ccs1040\ccs\tools\compiler\ti-cgt-arm_20.2.5.LTS\lib\</path>
         <kind>archive</kind>
         <file>rtsv7M4_T_le_eabi.lib</file>
         <name>fd_mul_t2.asm.obj</name>
      </input_file>
      <input_file id="fl-ee">
         <path>C:\TI\ccs1040\ccs\tools\compiler\ti-cgt-arm_20.2.5.LTS\lib\</path>
         <kind>archive</kind>
         <file>rtsv7M4_T_le_eabi.lib</file>
         <name>fd_toi_t2.asm.obj</name>
      </input_file>
      <input_file id="fl-ef">
         <path>C:\TI\ccs1040\ccs\tools\compiler\ti-cgt-arm_20.2.5.LTS\lib\</path>
         <kind>archive</kind>
         <file>rtsv7M4_T_le_eabi.lib</file>
         <name>i_tofd_t2.asm.obj</name>
      </input_file>
      <input_file id="fl-f0">
         <path>C:\TI\ccs1040\ccs\tools\compiler\ti-cgt-arm_20.2.5.LTS\lib\</path>
         <kind>archive</kind>
         <file>rtsv7M4_T_le_eabi.lib</file>
         <name>autoinit.c.obj</name>
      </input_file>
      <input_file id="fl-f1">
         <path>C:\TI\ccs1040\ccs\tools\compiler\ti-cgt-arm_20.2.5.LTS\lib\</path>
         <kind>archive</kind>
         <file>rtsv7M4_T_le_eabi.lib</file>
         <name>pre_init.c.obj</name>
      </input_file>
      <input_file id="fl-f2">
         <path>C:\TI\ccs1040\ccs\tools\compiler\ti-cgt-arm_20.2.5.LTS\lib\</path>
         <kind>archive</kind>
         <file>rtsv7M4_T_le_eabi.lib</file>
         <name>cpy_tbl.c.obj</name>
      </input_file>
      <input_file id="fl-f3">
         <path>C:\TI\ccs1040\ccs\tools\compiler\ti-cgt-arm_20.2.5.LTS\lib\</path>
         <kind>archive</kind>
         <file>rtsv7M4_T_le_eabi.lib</file>
         <name>exit.c.obj</name>
      </input_file>
      <input_file id="fl-f4">
         <path>C:\TI\ccs1040\ccs\tools\compiler\ti-cgt-arm_20.2.5.LTS\lib\</path>
         <kind>archive</kind>
         <file>rtsv7M4_T_le_eabi.lib</file>
         <name>_lock.c.obj</name>
      </input_file>
      <input_file id="fl-f5">
         <path>C:\TI\ccs1040\ccs\tools\compiler\ti-cgt-arm_20.2.5.LTS\lib\</path>
         <kind>archive</kind>
         <file>rtsv7M4_T_le_eabi.lib</file>
         <name>_ltoa.c.obj</name>
      </input_file>
      <input_file id="fl-f6">
         <path>C:\TI\ccs1040\ccs\tools\compiler\ti-cgt-arm_20.2.5.LTS\lib\</path>
         <kind>archive</kind>
         <file>rtsv7M4_T_le_eabi.lib</file>
         <name>args_main.c.obj</name>
      </input_file>
      <input_file id="fl-f7">
         <path>C:\TI\ccs1040\ccs\tools\compiler\ti-cgt-arm_20.2.5.LTS\lib\</path>
         <kind>archive</kind>
         <file>rtsv7M4_T_le_eabi.lib</file>
         <name>atoi.c.obj</name>
      </input_file>
      <input_file id="fl-f8">
         <path>C:\TI\ccs1040\ccs\tools\compiler\ti-cgt-arm_20.2.5.LTS\lib\</path>
         <kind>archive</kind>
         <file>rtsv7M4_T_le_eabi.lib</file>
         <name>ctype.c.obj</name>
      </input_file>
      <input_file id="fl-f9">
         <path>C:\TI\ccs1040\ccs\tools\compiler\ti-cgt-arm_20.2.5.LTS\lib\</path>
         <kind>archive</kind>
         <file>rtsv7M4_T_le_eabi.lib</file>
         <name>memccpy.c.obj</name>
      </input_file>
      <input_file id="fl-fa">
         <path>C:\TI\ccs1040\ccs\tools\compiler\ti-cgt-arm_20.2.5.LTS\lib\</path>
         <kind>archive</kind>
         <file>rtsv7M4_T_le_eabi.lib</file>
         <name>strchr.c.obj</name>
      </input_file>
      <input_file id="fl-fb">
         <path>C:\TI\ccs1040\ccs\tools\compiler\ti-cgt-arm_20.2.5.LTS\lib\</path>
         <kind>archive</kind>
         <file>rtsv7M4_T_le_eabi.lib</file>
         <name>s_copysign.c.obj</name>
      </input_file>
   </input_file_list>
   <object_component_list>
      <object_component id="oc-12">
         <name>.intvecs</name>
         <load_address>0x20004000</load_address>
         <run_address>0x20004000</run_address>
         <size>0x400</size>
         <input_file_ref idref="fl-8"/>
      </object_component>
      <object_component id="oc-97">
         <name>.text</name>
         <load_address>0x20004400</load_address>
         <run_address>0x20004400</run_address>
         <size>0x119c</size>
         <input_file_ref idref="fl-4"/>
      </object_component>
      <object_component id="oc-143">
         <name>.text</name>
         <load_address>0x2000559c</load_address>
         <run_address>0x2000559c</run_address>
         <size>0xec8</size>
         <input_file_ref idref="fl-a"/>
      </object_component>
      <object_component id="oc-120">
         <name>.text</name>
         <load_address>0x20006464</load_address>
         <run_address>0x20006464</run_address>
         <size>0xd88</size>
         <input_file_ref idref="fl-6"/>
      </object_component>
      <object_component id="oc-284">
         <name>.text:__TI_printfi</name>
         <load_address>0x200071ec</load_address>
         <run_address>0x200071ec</run_address>
         <size>0xa4e</size>
         <input_file_ref idref="fl-e5"/>
      </object_component>
      <object_component id="oc-47c">
         <name>.text:_nop</name>
         <load_address>0x20007c3a</load_address>
         <run_address>0x20007c3a</run_address>
         <size>0x2</size>
         <input_file_ref idref="fl-f4"/>
      </object_component>
      <object_component id="oc-31f">
         <name>.text</name>
         <load_address>0x20007c3c</load_address>
         <run_address>0x20007c3c</run_address>
         <size>0x398</size>
         <input_file_ref idref="fl-2"/>
      </object_component>
      <object_component id="oc-135">
         <name>.text</name>
         <load_address>0x20007fd4</load_address>
         <run_address>0x20007fd4</run_address>
         <size>0x2b4</size>
         <input_file_ref idref="fl-3"/>
      </object_component>
      <object_component id="oc-dd">
         <name>.text</name>
         <load_address>0x20008288</load_address>
         <run_address>0x20008288</run_address>
         <size>0x27c</size>
         <input_file_ref idref="fl-9"/>
      </object_component>
      <object_component id="oc-404">
         <name>.text:_pconv_a</name>
         <load_address>0x20008504</load_address>
         <run_address>0x20008504</run_address>
         <size>0x268</size>
         <input_file_ref idref="fl-e5"/>
      </object_component>
      <object_component id="oc-102">
         <name>.text:acosf</name>
         <load_address>0x2000876c</load_address>
         <run_address>0x2000876c</run_address>
         <size>0x220</size>
         <input_file_ref idref="fl-d1"/>
      </object_component>
      <object_component id="oc-3f2">
         <name>.text:_pconv_g</name>
         <load_address>0x2000898c</load_address>
         <run_address>0x2000898c</run_address>
         <size>0x1cc</size>
         <input_file_ref idref="fl-e5"/>
      </object_component>
      <object_component id="oc-4e7">
         <name>.text</name>
         <load_address>0x20008b58</load_address>
         <run_address>0x20008b58</run_address>
         <size>0x1b6</size>
         <input_file_ref idref="fl-ea"/>
      </object_component>
      <object_component id="oc-567">
         <name>.text</name>
         <load_address>0x20008d0e</load_address>
         <run_address>0x20008d0e</run_address>
         <size>0x2</size>
         <input_file_ref idref="fl-e9"/>
      </object_component>
      <object_component id="oc-d7">
         <name>.text:PRCMCC3200MCUInit</name>
         <load_address>0x20008d10</load_address>
         <run_address>0x20008d10</run_address>
         <size>0x178</size>
         <input_file_ref idref="fl-14"/>
      </object_component>
      <object_component id="oc-3fe">
         <name>.text:_pconv_e</name>
         <load_address>0x20008e88</load_address>
         <run_address>0x20008e88</run_address>
         <size>0x13c</size>
         <input_file_ref idref="fl-e5"/>
      </object_component>
      <object_component id="oc-4cd">
         <name>.text</name>
         <load_address>0x20008fc4</load_address>
         <run_address>0x20008fc4</run_address>
         <size>0x136</size>
         <input_file_ref idref="fl-ec"/>
      </object_component>
      <object_component id="oc-4f9">
         <name>.text:fcvt</name>
         <load_address>0x200090fc</load_address>
         <run_address>0x200090fc</run_address>
         <size>0x120</size>
         <input_file_ref idref="fl-e5"/>
      </object_component>
      <object_component id="oc-397">
         <name>.text:aligned_alloc</name>
         <load_address>0x2000921c</load_address>
         <run_address>0x2000921c</run_address>
         <size>0x100</size>
         <input_file_ref idref="fl-e0"/>
      </object_component>
      <object_component id="oc-4c8">
         <name>.text</name>
         <load_address>0x2000931c</load_address>
         <run_address>0x2000931c</run_address>
         <size>0xfc</size>
         <input_file_ref idref="fl-ed"/>
      </object_component>
      <object_component id="oc-f2">
         <name>.text</name>
         <load_address>0x20009418</load_address>
         <run_address>0x20009418</run_address>
         <size>0xfa</size>
         <input_file_ref idref="fl-d3"/>
      </object_component>
      <object_component id="oc-203">
         <name>.text:free</name>
         <load_address>0x20009514</load_address>
         <run_address>0x20009514</run_address>
         <size>0xe4</size>
         <input_file_ref idref="fl-e0"/>
      </object_component>
      <object_component id="oc-1fd">
         <name>.text:realloc</name>
         <load_address>0x200095f8</load_address>
         <run_address>0x200095f8</run_address>
         <size>0xe4</size>
         <input_file_ref idref="fl-e0"/>
      </object_component>
      <object_component id="oc-50d">
         <name>.text:scalbn</name>
         <load_address>0x200096dc</load_address>
         <run_address>0x200096dc</run_address>
         <size>0xd0</size>
         <input_file_ref idref="fl-e7"/>
      </object_component>
      <object_component id="oc-3e7">
         <name>.text:_ltostr</name>
         <load_address>0x200097ac</load_address>
         <run_address>0x200097ac</run_address>
         <size>0xb1</size>
         <input_file_ref idref="fl-e5"/>
      </object_component>
      <object_component id="oc-d1">
         <name>.text:IntEnable</name>
         <load_address>0x20009860</load_address>
         <run_address>0x20009860</run_address>
         <size>0xa8</size>
         <input_file_ref idref="fl-12"/>
      </object_component>
      <object_component id="oc-26e">
         <name>.text:SPIConfigSetExpClk</name>
         <load_address>0x20009908</load_address>
         <run_address>0x20009908</run_address>
         <size>0xa0</size>
         <input_file_ref idref="fl-15"/>
      </object_component>
      <object_component id="oc-3d">
         <name>.text</name>
         <load_address>0x200099a8</load_address>
         <run_address>0x200099a8</run_address>
         <size>0x9c</size>
         <input_file_ref idref="fl-d9"/>
      </object_component>
      <object_component id="oc-f7">
         <name>.text:sqrtf</name>
         <load_address>0x20009a44</load_address>
         <run_address>0x20009a44</run_address>
         <size>0x98</size>
         <input_file_ref idref="fl-d2"/>
      </object_component>
      <object_component id="oc-4c1">
         <name>.text</name>
         <load_address>0x20009adc</load_address>
         <run_address>0x20009adc</run_address>
         <size>0x96</size>
         <input_file_ref idref="fl-da"/>
      </object_component>
      <object_component id="oc-1cd">
         <name>.text:PRCMPeripheralClockGet</name>
         <load_address>0x20009b74</load_address>
         <run_address>0x20009b74</run_address>
         <size>0x94</size>
         <input_file_ref idref="fl-14"/>
      </object_component>
      <object_component id="oc-fd">
         <name>.text</name>
         <load_address>0x20009c08</load_address>
         <run_address>0x20009c08</run_address>
         <size>0x92</size>
         <input_file_ref idref="fl-d5"/>
      </object_component>
      <object_component id="oc-235">
         <name>.text:PinConfigSet</name>
         <load_address>0x20009c9c</load_address>
         <run_address>0x20009c9c</run_address>
         <size>0x88</size>
         <input_file_ref idref="fl-13"/>
      </object_component>
      <object_component id="oc-3ed">
         <name>.text:__aeabi_cdcmple</name>
         <load_address>0x20009d24</load_address>
         <run_address>0x20009d24</run_address>
         <size>0x86</size>
         <input_file_ref idref="fl-eb"/>
      </object_component>
      <object_component id="oc-4d2">
         <name>.text:__aeabi_cdrcmple</name>
         <load_address>0x20009daa</load_address>
         <run_address>0x20009daa</run_address>
         <size>0x86</size>
         <input_file_ref idref="fl-eb"/>
      </object_component>
      <object_component id="oc-2d4">
         <name>.text:I2CMasterInitExpClk</name>
         <load_address>0x20009e30</load_address>
         <run_address>0x20009e30</run_address>
         <size>0x84</size>
         <input_file_ref idref="fl-11"/>
      </object_component>
      <object_component id="oc-44a">
         <name>.text:GPIOIntTypeSet</name>
         <load_address>0x20009eb4</load_address>
         <run_address>0x20009eb4</run_address>
         <size>0x82</size>
         <input_file_ref idref="fl-10"/>
      </object_component>
      <object_component id="oc-ed">
         <name>.text</name>
         <load_address>0x20009f36</load_address>
         <run_address>0x20009f36</run_address>
         <size>0x7a</size>
         <input_file_ref idref="fl-d6"/>
      </object_component>
      <object_component id="oc-8b">
         <name>.text</name>
         <load_address>0x20009fb0</load_address>
         <run_address>0x20009fb0</run_address>
         <size>0x7a</size>
         <input_file_ref idref="fl-db"/>
      </object_component>
      <object_component id="oc-1d3">
         <name>.text:UARTConfigSetExpClk</name>
         <load_address>0x2000a02a</load_address>
         <run_address>0x2000a02a</run_address>
         <size>0x76</size>
         <input_file_ref idref="fl-16"/>
      </object_component>
      <object_component id="oc-3a4">
         <name>.text:split</name>
         <load_address>0x2000a0a0</load_address>
         <run_address>0x2000a0a0</run_address>
         <size>0x70</size>
         <input_file_ref idref="fl-e0"/>
      </object_component>
      <object_component id="oc-4f2">
         <name>.text:_mcpy</name>
         <load_address>0x2000a110</load_address>
         <run_address>0x2000a110</run_address>
         <size>0x6e</size>
         <input_file_ref idref="fl-e5"/>
      </object_component>
      <object_component id="oc-15">
         <name>.text:decompress:lzss:__TI_decompress_lzss</name>
         <load_address>0x2000a17e</load_address>
         <run_address>0x2000a17e</run_address>
         <size>0x68</size>
         <input_file_ref idref="fl-de"/>
      </object_component>
      <object_component id="oc-e3">
         <name>.text:__aeabi_cfcmple</name>
         <load_address>0x2000a1e6</load_address>
         <run_address>0x2000a1e6</run_address>
         <size>0x60</size>
         <input_file_ref idref="fl-d4"/>
      </object_component>
      <object_component id="oc-e8">
         <name>.text:__aeabi_cfrcmple</name>
         <load_address>0x2000a246</load_address>
         <run_address>0x2000a246</run_address>
         <size>0x60</size>
         <input_file_ref idref="fl-d4"/>
      </object_component>
      <object_component id="oc-507">
         <name>.text:frexp</name>
         <load_address>0x2000a2a8</load_address>
         <run_address>0x2000a2a8</run_address>
         <size>0x5c</size>
         <input_file_ref idref="fl-e6"/>
      </object_component>
      <object_component id="oc-1c0">
         <name>.text:PRCMPeripheralReset</name>
         <load_address>0x2000a304</load_address>
         <run_address>0x2000a304</run_address>
         <size>0x58</size>
         <input_file_ref idref="fl-14"/>
      </object_component>
      <object_component id="oc-3f8">
         <name>.text:_pconv_f</name>
         <load_address>0x2000a35c</load_address>
         <run_address>0x2000a35c</run_address>
         <size>0x56</size>
         <input_file_ref idref="fl-e5"/>
      </object_component>
      <object_component id="oc-450">
         <name>.text:IntPrioritySet</name>
         <load_address>0x2000a3b4</load_address>
         <run_address>0x2000a3b4</run_address>
         <size>0x54</size>
         <input_file_ref idref="fl-12"/>
      </object_component>
      <object_component id="oc-4dc">
         <name>.text:__TI_ltoa</name>
         <load_address>0x2000a408</load_address>
         <run_address>0x2000a408</run_address>
         <size>0x54</size>
         <input_file_ref idref="fl-f5"/>
      </object_component>
      <object_component id="oc-4ec">
         <name>.text:_ecpy</name>
         <load_address>0x2000a45c</load_address>
         <run_address>0x2000a45c</run_address>
         <size>0x52</size>
         <input_file_ref idref="fl-e5"/>
      </object_component>
      <object_component id="oc-3e1">
         <name>.text:atoi</name>
         <load_address>0x2000a4b0</load_address>
         <run_address>0x2000a4b0</run_address>
         <size>0x4c</size>
         <input_file_ref idref="fl-f7"/>
      </object_component>
      <object_component id="oc-53b">
         <name>.text:GPIOGetIntNumber</name>
         <load_address>0x2000a4fc</load_address>
         <run_address>0x2000a4fc</run_address>
         <size>0x48</size>
         <input_file_ref idref="fl-10"/>
      </object_component>
      <object_component id="oc-4d7">
         <name>.text</name>
         <load_address>0x2000a544</load_address>
         <run_address>0x2000a544</run_address>
         <size>0x48</size>
         <input_file_ref idref="fl-ee"/>
      </object_component>
      <object_component id="oc-16b">
         <name>.text:__TI_auto_init_nobinit_nopinit:__TI_auto_init_nobinit_nopinit</name>
         <load_address>0x2000a58c</load_address>
         <run_address>0x2000a58c</run_address>
         <size>0x44</size>
         <input_file_ref idref="fl-f0"/>
      </object_component>
      <object_component id="oc-23b">
         <name>.text:PinModeSet</name>
         <load_address>0x2000a5d0</load_address>
         <run_address>0x2000a5d0</run_address>
         <size>0x40</size>
         <input_file_ref idref="fl-13"/>
      </object_component>
      <object_component id="oc-12e">
         <name>.text:sprintf</name>
         <load_address>0x2000a610</load_address>
         <run_address>0x2000a610</run_address>
         <size>0x40</size>
         <input_file_ref idref="fl-cf"/>
      </object_component>
      <object_component id="oc-1df">
         <name>.text:vsnprintf</name>
         <load_address>0x2000a650</load_address>
         <run_address>0x2000a650</run_address>
         <size>0x40</size>
         <input_file_ref idref="fl-d0"/>
      </object_component>
      <object_component id="oc-4ff">
         <name>.text:_fcpy</name>
         <load_address>0x2000a690</load_address>
         <run_address>0x2000a690</run_address>
         <size>0x3e</size>
         <input_file_ref idref="fl-e5"/>
      </object_component>
      <object_component id="oc-108">
         <name>.text:PRCMPeripheralClkEnable</name>
         <load_address>0x2000a6d0</load_address>
         <run_address>0x2000a6d0</run_address>
         <size>0x3c</size>
         <input_file_ref idref="fl-14"/>
      </object_component>
      <object_component id="oc-126">
         <name>.text</name>
         <load_address>0x2000a70c</load_address>
         <run_address>0x2000a70c</run_address>
         <size>0x38</size>
         <input_file_ref idref="fl-d7"/>
      </object_component>
      <object_component id="oc-13b">
         <name>.text</name>
         <load_address>0x2000a744</load_address>
         <run_address>0x2000a744</run_address>
         <size>0x38</size>
         <input_file_ref idref="fl-d8"/>
      </object_component>
      <object_component id="oc-114">
         <name>.text:GPIODirModeSet</name>
         <load_address>0x2000a77c</load_address>
         <run_address>0x2000a77c</run_address>
         <size>0x36</size>
         <input_file_ref idref="fl-10"/>
      </object_component>
      <object_component id="oc-157">
         <name>.text</name>
         <load_address>0x2000a7b2</load_address>
         <run_address>0x2000a7b2</run_address>
         <size>0x34</size>
         <input_file_ref idref="fl-7"/>
      </object_component>
      <object_component id="oc-10e">
         <name>.text:PinTypeGPIO</name>
         <load_address>0x2000a7e6</load_address>
         <run_address>0x2000a7e6</run_address>
         <size>0x30</size>
         <input_file_ref idref="fl-13"/>
      </object_component>
      <object_component id="oc-36d">
         <name>.text:UARTDisable</name>
         <load_address>0x2000a818</load_address>
         <run_address>0x2000a818</run_address>
         <size>0x30</size>
         <input_file_ref idref="fl-16"/>
      </object_component>
      <object_component id="oc-37b">
         <name>.text:_outs</name>
         <load_address>0x2000a848</load_address>
         <run_address>0x2000a848</run_address>
         <size>0x30</size>
         <input_file_ref idref="fl-d0"/>
      </object_component>
      <object_component id="oc-4e2">
         <name>.text</name>
         <load_address>0x2000a878</load_address>
         <run_address>0x2000a878</run_address>
         <size>0x2e</size>
         <input_file_ref idref="fl-ef"/>
      </object_component>
      <object_component id="oc-2b0">
         <name>.text:I2CMasterErr</name>
         <load_address>0x2000a8a6</load_address>
         <run_address>0x2000a8a6</run_address>
         <size>0x2c</size>
         <input_file_ref idref="fl-11"/>
      </object_component>
      <object_component id="oc-1ae">
         <name>.text:PRCMSysResetCauseGet</name>
         <load_address>0x2000a8d4</load_address>
         <run_address>0x2000a8d4</run_address>
         <size>0x2c</size>
         <input_file_ref idref="fl-14"/>
      </object_component>
      <object_component id="oc-1c6">
         <name>.text:PRCMPeripheralClkDisable</name>
         <load_address>0x2000a900</load_address>
         <run_address>0x2000a900</run_address>
         <size>0x28</size>
         <input_file_ref idref="fl-14"/>
      </object_component>
      <object_component id="oc-3ab">
         <name>.text:free_list_insert</name>
         <load_address>0x2000a928</load_address>
         <run_address>0x2000a928</run_address>
         <size>0x28</size>
         <input_file_ref idref="fl-e0"/>
      </object_component>
      <object_component id="oc-1f1">
         <name>.text:memmove</name>
         <load_address>0x2000a950</load_address>
         <run_address>0x2000a950</run_address>
         <size>0x28</size>
         <input_file_ref idref="fl-df"/>
      </object_component>
      <object_component id="oc-373">
         <name>.text:UARTEnable</name>
         <load_address>0x2000a978</load_address>
         <run_address>0x2000a978</run_address>
         <size>0x24</size>
         <input_file_ref idref="fl-16"/>
      </object_component>
      <object_component id="oc-5b">
         <name>.text:_c_int00_noargs:_c_int00_noargs</name>
         <load_address>0x2000a99c</load_address>
         <run_address>0x2000a99c</run_address>
         <size>0x24</size>
         <input_file_ref idref="fl-e4"/>
      </object_component>
      <object_component id="oc-2b6">
         <name>.text:I2CMasterSlaveAddrSet</name>
         <load_address>0x2000a9c0</load_address>
         <run_address>0x2000a9c0</run_address>
         <size>0x22</size>
         <input_file_ref idref="fl-11"/>
      </object_component>
      <object_component id="oc-268">
         <name>.text:SPIReset</name>
         <load_address>0x2000a9e2</load_address>
         <run_address>0x2000a9e2</run_address>
         <size>0x22</size>
         <input_file_ref idref="fl-15"/>
      </object_component>
      <object_component id="oc-244">
         <name>.text:GPIOPinWrite</name>
         <load_address>0x2000aa04</load_address>
         <run_address>0x2000aa04</run_address>
         <size>0x20</size>
         <input_file_ref idref="fl-10"/>
      </object_component>
      <object_component id="oc-541">
         <name>.text:IntRegister</name>
         <load_address>0x2000aa24</load_address>
         <run_address>0x2000aa24</run_address>
         <size>0x20</size>
         <input_file_ref idref="fl-12"/>
      </object_component>
      <object_component id="oc-250">
         <name>.text:SPIDataGet</name>
         <load_address>0x2000aa44</load_address>
         <run_address>0x2000aa44</run_address>
         <size>0x20</size>
         <input_file_ref idref="fl-15"/>
      </object_component>
      <object_component id="oc-456">
         <name>.text:GPIOIntRegister</name>
         <load_address>0x2000aa64</load_address>
         <run_address>0x2000aa64</run_address>
         <size>0x1e</size>
         <input_file_ref idref="fl-10"/>
      </object_component>
      <object_component id="oc-298">
         <name>.text:I2CMasterIntStatusEx</name>
         <load_address>0x2000aa82</load_address>
         <run_address>0x2000aa82</run_address>
         <size>0x1e</size>
         <input_file_ref idref="fl-11"/>
      </object_component>
      <object_component id="oc-24a">
         <name>.text:SPIDataPut</name>
         <load_address>0x2000aaa0</load_address>
         <run_address>0x2000aaa0</run_address>
         <size>0x1e</size>
         <input_file_ref idref="fl-15"/>
      </object_component>
      <object_component id="oc-1d9">
         <name>.text:UARTCharPut</name>
         <load_address>0x2000aabe</load_address>
         <run_address>0x2000aabe</run_address>
         <size>0x1e</size>
         <input_file_ref idref="fl-16"/>
      </object_component>
      <object_component id="oc-334">
         <name>.text:PinTypeI2C</name>
         <load_address>0x2000aadc</load_address>
         <run_address>0x2000aadc</run_address>
         <size>0x1c</size>
         <input_file_ref idref="fl-13"/>
      </object_component>
      <object_component id="oc-1eb">
         <name>.text:UARTCharGetNonBlocking</name>
         <load_address>0x2000aaf8</load_address>
         <run_address>0x2000aaf8</run_address>
         <size>0x1c</size>
         <input_file_ref idref="fl-16"/>
      </object_component>
      <object_component id="oc-49">
         <name>.text:decompress:ZI:__TI_zero_init_nomemset:__TI_zero_init_nomemset</name>
         <load_address>0x2000ab14</load_address>
         <run_address>0x2000ab14</run_address>
         <size>0x1c</size>
         <input_file_ref idref="fl-dc"/>
      </object_component>
      <object_component id="oc-39e">
         <name>.text:free_list_remove</name>
         <load_address>0x2000ab30</load_address>
         <run_address>0x2000ab30</run_address>
         <size>0x1c</size>
         <input_file_ref idref="fl-e0"/>
      </object_component>
      <object_component id="oc-40a">
         <name>.text:memccpy</name>
         <load_address>0x2000ab4c</load_address>
         <run_address>0x2000ab4c</run_address>
         <size>0x1c</size>
         <input_file_ref idref="fl-f9"/>
      </object_component>
      <object_component id="oc-462">
         <name>.text:GPIOIntEnable</name>
         <load_address>0x2000ab68</load_address>
         <run_address>0x2000ab68</run_address>
         <size>0x1a</size>
         <input_file_ref idref="fl-10"/>
      </object_component>
      <object_component id="oc-262">
         <name>.text:PinTypeSPI</name>
         <load_address>0x2000ab82</load_address>
         <run_address>0x2000ab82</run_address>
         <size>0x1a</size>
         <input_file_ref idref="fl-13"/>
      </object_component>
      <object_component id="oc-32e">
         <name>.text:PinTypeUART</name>
         <load_address>0x2000ab9c</load_address>
         <run_address>0x2000ab9c</run_address>
         <size>0x1a</size>
         <input_file_ref idref="fl-13"/>
      </object_component>
      <object_component id="oc-11a">
         <name>.text:GPIOPinRead</name>
         <load_address>0x2000abb6</load_address>
         <run_address>0x2000abb6</run_address>
         <size>0x18</size>
         <input_file_ref idref="fl-10"/>
      </object_component>
      <object_component id="oc-2ce">
         <name>.text:I2CMasterIntEnableEx</name>
         <load_address>0x2000abce</load_address>
         <run_address>0x2000abce</run_address>
         <size>0x18</size>
         <input_file_ref idref="fl-11"/>
      </object_component>
      <object_component id="oc-25c">
         <name>.text:SPICSDisable</name>
         <load_address>0x2000abe6</load_address>
         <run_address>0x2000abe6</run_address>
         <size>0x18</size>
         <input_file_ref idref="fl-15"/>
      </object_component>
      <object_component id="oc-256">
         <name>.text:SPICSEnable</name>
         <load_address>0x2000abfe</load_address>
         <run_address>0x2000abfe</run_address>
         <size>0x18</size>
         <input_file_ref idref="fl-15"/>
      </object_component>
      <object_component id="oc-274">
         <name>.text:SPIEnable</name>
         <load_address>0x2000ac16</load_address>
         <run_address>0x2000ac16</run_address>
         <size>0x18</size>
         <input_file_ref idref="fl-15"/>
      </object_component>
      <object_component id="oc-1e5">
         <name>.text:UARTCharsAvail</name>
         <load_address>0x2000ac2e</load_address>
         <run_address>0x2000ac2e</run_address>
         <size>0x18</size>
         <input_file_ref idref="fl-16"/>
      </object_component>
      <object_component id="oc-381">
         <name>.text:_outc</name>
         <load_address>0x2000ac46</load_address>
         <run_address>0x2000ac46</run_address>
         <size>0x18</size>
         <input_file_ref idref="fl-d0"/>
      </object_component>
      <object_component id="oc-28a">
         <name>.text:_outs</name>
         <load_address>0x2000ac5e</load_address>
         <run_address>0x2000ac5e</run_address>
         <size>0x18</size>
         <input_file_ref idref="fl-cf"/>
      </object_component>
      <object_component id="oc-2bc">
         <name>.text:I2CMasterDataPut</name>
         <load_address>0x2000ac76</load_address>
         <run_address>0x2000ac76</run_address>
         <size>0x16</size>
         <input_file_ref idref="fl-11"/>
      </object_component>
      <object_component id="oc-2c8">
         <name>.text:I2CMasterEnable</name>
         <load_address>0x2000ac8c</load_address>
         <run_address>0x2000ac8c</run_address>
         <size>0x16</size>
         <input_file_ref idref="fl-11"/>
      </object_component>
      <object_component id="oc-1b4">
         <name>.text:PRCMHIBRegRead</name>
         <load_address>0x2000aca2</load_address>
         <run_address>0x2000aca2</run_address>
         <size>0x16</size>
         <input_file_ref idref="fl-14"/>
      </object_component>
      <object_component id="oc-1ba">
         <name>.text:PRCMHIBRegWrite</name>
         <load_address>0x2000acb8</load_address>
         <run_address>0x2000acb8</run_address>
         <size>0x16</size>
         <input_file_ref idref="fl-14"/>
      </object_component>
      <object_component id="oc-513">
         <name>.text:strchr</name>
         <load_address>0x2000acce</load_address>
         <run_address>0x2000acce</run_address>
         <size>0x16</size>
         <input_file_ref idref="fl-fa"/>
      </object_component>
      <object_component id="oc-19e">
         <name>.text:CPUcpsie</name>
         <load_address>0x2000ace4</load_address>
         <run_address>0x2000ace4</run_address>
         <size>0x14</size>
         <input_file_ref idref="fl-18"/>
      </object_component>
      <object_component id="oc-45c">
         <name>.text:GPIOIntClear</name>
         <load_address>0x2000acf8</load_address>
         <run_address>0x2000acf8</run_address>
         <size>0x14</size>
         <input_file_ref idref="fl-10"/>
      </object_component>
      <object_component id="oc-c5">
         <name>.text:IntVTableBaseSet</name>
         <load_address>0x2000ad0c</load_address>
         <run_address>0x2000ad0c</run_address>
         <size>0x14</size>
         <input_file_ref idref="fl-12"/>
      </object_component>
      <object_component id="oc-151">
         <name>.text:strcpy</name>
         <load_address>0x2000ad20</load_address>
         <run_address>0x2000ad20</run_address>
         <size>0x14</size>
         <input_file_ref idref="fl-e1"/>
      </object_component>
      <object_component id="oc-14b">
         <name>.text:strlen</name>
         <load_address>0x2000ad34</load_address>
         <run_address>0x2000ad34</run_address>
         <size>0x14</size>
         <input_file_ref idref="fl-e2"/>
      </object_component>
      <object_component id="oc-2aa">
         <name>.text:I2CMasterControl</name>
         <load_address>0x2000ad48</load_address>
         <run_address>0x2000ad48</run_address>
         <size>0x12</size>
         <input_file_ref idref="fl-11"/>
      </object_component>
      <object_component id="oc-29e">
         <name>.text:I2CMasterIntClearEx</name>
         <load_address>0x2000ad5a</load_address>
         <run_address>0x2000ad5a</run_address>
         <size>0x12</size>
         <input_file_ref idref="fl-11"/>
      </object_component>
      <object_component id="oc-2a4">
         <name>.text:I2CMasterTimeoutSet</name>
         <load_address>0x2000ad6c</load_address>
         <run_address>0x2000ad6c</run_address>
         <size>0x12</size>
         <input_file_ref idref="fl-11"/>
      </object_component>
      <object_component id="oc-410">
         <name>.text:wcslen</name>
         <load_address>0x2000ad7e</load_address>
         <run_address>0x2000ad7e</run_address>
         <size>0x12</size>
         <input_file_ref idref="fl-e8"/>
      </object_component>
      <object_component id="oc-2c2">
         <name>.text:I2CMasterDataGet</name>
         <load_address>0x2000ad90</load_address>
         <run_address>0x2000ad90</run_address>
         <size>0xe</size>
         <input_file_ref idref="fl-11"/>
      </object_component>
      <object_component id="oc-1b">
         <name>.text:decompress:none:__TI_decompress_none</name>
         <load_address>0x2000ad9e</load_address>
         <run_address>0x2000ad9e</run_address>
         <size>0xe</size>
         <input_file_ref idref="fl-dd"/>
      </object_component>
      <object_component id="oc-29">
         <name>.text</name>
         <load_address>0x2000adac</load_address>
         <run_address>0x2000adac</run_address>
         <size>0xe</size>
         <input_file_ref idref="fl-8"/>
      </object_component>
      <object_component id="oc-57b">
         <name>.text:copysign</name>
         <load_address>0x2000adba</load_address>
         <run_address>0x2000adba</run_address>
         <size>0xc</size>
         <input_file_ref idref="fl-fb"/>
      </object_component>
      <object_component id="oc-cb">
         <name>.text:IntMasterEnable</name>
         <load_address>0x2000adc6</load_address>
         <run_address>0x2000adc6</run_address>
         <size>0xa</size>
         <input_file_ref idref="fl-12"/>
      </object_component>
      <object_component id="oc-290">
         <name>.text:_outc</name>
         <load_address>0x2000add0</load_address>
         <run_address>0x2000add0</run_address>
         <size>0xa</size>
         <input_file_ref idref="fl-cf"/>
      </object_component>
      <object_component id="oc-21c">
         <name>.text:__aeabi_errno_addr</name>
         <load_address>0x2000addc</load_address>
         <run_address>0x2000addc</run_address>
         <size>0x8</size>
         <input_file_ref idref="fl-e3"/>
      </object_component>
      <object_component id="oc-1f7">
         <name>.text:malloc</name>
         <load_address>0x2000ade4</load_address>
         <run_address>0x2000ade4</run_address>
         <size>0x8</size>
         <input_file_ref idref="fl-e0"/>
      </object_component>
      <object_component id="oc-134">
         <name>.text:UtilsDelay</name>
         <load_address>0x2000adec</load_address>
         <run_address>0x2000adec</run_address>
         <size>0x6</size>
         <input_file_ref idref="fl-17"/>
      </object_component>
      <object_component id="oc-91">
         <name>.text:_system_pre_init</name>
         <load_address>0x2000adf2</load_address>
         <run_address>0x2000adf2</run_address>
         <size>0x4</size>
         <input_file_ref idref="fl-f1"/>
      </object_component>
      <object_component id="oc-15f">
         <name>.text:abort:abort</name>
         <load_address>0x2000adf6</load_address>
         <run_address>0x2000adf6</run_address>
         <size>0x4</size>
         <input_file_ref idref="fl-f3"/>
      </object_component>
      <object_component id="oc-4bc">
         <name>.const:.string:_ctypes_</name>
         <load_address>0x2000adfc</load_address>
         <run_address>0x2000adfc</run_address>
         <size>0x101</size>
         <input_file_ref idref="fl-f8"/>
      </object_component>
      <object_component id="oc-3d0">
         <name>.const:g_ulPinToPadMap</name>
         <load_address>0x2000af00</load_address>
         <run_address>0x2000af00</run_address>
         <size>0x100</size>
         <input_file_ref idref="fl-13"/>
      </object_component>
      <object_component id="oc-537">
         <name>.const:g_pulRegs</name>
         <load_address>0x2000b000</load_address>
         <run_address>0x2000b000</run_address>
         <size>0xd4</size>
         <input_file_ref idref="fl-12"/>
      </object_component>
      <object_component id="oc-231">
         <name>.const:PRCM_PeriphRegsList</name>
         <load_address>0x2000b0d4</load_address>
         <run_address>0x2000b0d4</run_address>
         <size>0xa8</size>
         <input_file_ref idref="fl-14"/>
      </object_component>
      <object_component id="oc-318">
         <name>.const:$P$T1$2</name>
         <load_address>0x2000b17c</load_address>
         <run_address>0x2000b17c</run_address>
         <size>0x2c</size>
         <input_file_ref idref="fl-a"/>
      </object_component>
      <object_component id="oc-31e">
         <name>.const:.string:$P$T0$1</name>
         <load_address>0x2000b1a8</load_address>
         <run_address>0x2000b1a8</run_address>
         <size>0x22</size>
         <input_file_ref idref="fl-a"/>
      </object_component>
      <object_component id="oc-1aa">
         <name>.const:g_pulEnRegs</name>
         <load_address>0x2000b1cc</load_address>
         <run_address>0x2000b1cc</run_address>
         <size>0x18</size>
         <input_file_ref idref="fl-12"/>
      </object_component>
      <object_component id="oc-31b">
         <name>.const:$P$T2$3</name>
         <load_address>0x2000b1e4</load_address>
         <run_address>0x2000b1e4</run_address>
         <size>0x14</size>
         <input_file_ref idref="fl-a"/>
      </object_component>
      <object_component id="oc-325">
         <name>.const:$P$T4$5</name>
         <load_address>0x2000b1f8</load_address>
         <run_address>0x2000b1f8</run_address>
         <size>0xc</size>
         <input_file_ref idref="fl-a"/>
      </object_component>
      <object_component id="oc-328">
         <name>.const:.string:$P$T3$4</name>
         <load_address>0x2000b204</load_address>
         <run_address>0x2000b204</run_address>
         <size>0xc</size>
         <input_file_ref idref="fl-a"/>
      </object_component>
      <object_component id="oc-149">
         <name>.const:.string:$P$T0$1</name>
         <load_address>0x2000b210</load_address>
         <run_address>0x2000b210</run_address>
         <size>0x9</size>
         <input_file_ref idref="fl-4"/>
      </object_component>
      <object_component id="oc-5d8">
         <name>.cinit..data.load</name>
         <load_address>0x2000b220</load_address>
         <run_address>0x2000b220</run_address>
         <size>0x37</size>
      </object_component>
      <object_component id="oc-5d6">
         <name>__TI_handler_table</name>
         <load_address>0x2000b258</load_address>
         <run_address>0x2000b258</run_address>
         <size>0xc</size>
      </object_component>
      <object_component id="oc-5d9">
         <name>.cinit..bss.load</name>
         <load_address>0x2000b268</load_address>
         <run_address>0x2000b268</run_address>
         <size>0x8</size>
      </object_component>
      <object_component id="oc-5d7">
         <name>__TI_cinit_table</name>
         <load_address>0x2000b270</load_address>
         <run_address>0x2000b270</run_address>
         <size>0x10</size>
      </object_component>
      <object_component id="oc-46e">
         <name>.data:ulReg</name>
         <load_address>0x2001783c</load_address>
         <run_address>0x2001783c</run_address>
         <size>0x14</size>
         <input_file_ref idref="fl-2"/>
      </object_component>
      <object_component id="oc-468">
         <name>.data</name>
         <load_address>0x20017850</load_address>
         <run_address>0x20017850</run_address>
         <size>0xc</size>
         <input_file_ref idref="fl-2"/>
      </object_component>
      <object_component id="oc-12b">
         <name>.data</name>
         <load_address>0x20017800</load_address>
         <run_address>0x20017800</run_address>
         <size>0x3c</size>
         <input_file_ref idref="fl-4"/>
      </object_component>
      <object_component id="oc-311">
         <name>.data</name>
         <load_address>0x2001785c</load_address>
         <run_address>0x2001785c</run_address>
         <size>0xc</size>
         <input_file_ref idref="fl-a"/>
      </object_component>
      <object_component id="oc-4ac">
         <name>.data:$O1$$</name>
         <load_address>0x20017870</load_address>
         <run_address>0x20017870</run_address>
         <size>0x8</size>
         <input_file_ref idref="fl-e0"/>
      </object_component>
      <object_component id="oc-3bb">
         <name>.data</name>
         <load_address>0x20017878</load_address>
         <run_address>0x20017878</run_address>
         <size>0x4</size>
         <input_file_ref idref="fl-e3"/>
      </object_component>
      <object_component id="oc-346">
         <name>.data:$O1$$</name>
         <load_address>0x20017868</load_address>
         <run_address>0x20017868</run_address>
         <size>0x8</size>
         <input_file_ref idref="fl-f4"/>
      </object_component>
      <object_component id="oc-209">
         <name>.bss</name>
         <uninitialized>true</uninitialized>
         <run_address>0x200178dc</run_address>
         <size>0x4</size>
         <input_file_ref idref="fl-9"/>
      </object_component>
      <object_component id="oc-46b">
         <name>.common:g_ucLED1Pin</name>
         <uninitialized>true</uninitialized>
         <run_address>0x200178e8</run_address>
         <size>0x1</size>
      </object_component>
      <object_component id="oc-46c">
         <name>.common:g_ucLED2Pin</name>
         <uninitialized>true</uninitialized>
         <run_address>0x200178e9</run_address>
         <size>0x1</size>
      </object_component>
      <object_component id="oc-46d">
         <name>.common:g_ucLED3Pin</name>
         <uninitialized>true</uninitialized>
         <run_address>0x200178ea</run_address>
         <size>0x1</size>
      </object_component>
      <object_component id="oc-314">
         <name>.common:g_ucConnectionSSID</name>
         <uninitialized>true</uninitialized>
         <run_address>0x200178a8</run_address>
         <size>0x24</size>
      </object_component>
      <object_component id="oc-315">
         <name>.common:g_ucConnectionBSSID</name>
         <uninitialized>true</uninitialized>
         <run_address>0x200178d4</run_address>
         <size>0x8</size>
      </object_component>
      <object_component id="oc-316">
         <name>.common:g_Host</name>
         <uninitialized>true</uninitialized>
         <run_address>0x200178e0</run_address>
         <size>0x4</size>
      </object_component>
      <object_component id="oc-317">
         <name>.common:g_port</name>
         <uninitialized>true</uninitialized>
         <run_address>0x200178e4</run_address>
         <size>0x4</size>
      </object_component>
      <object_component id="oc-140">
         <name>.common:g_time</name>
         <uninitialized>true</uninitialized>
         <run_address>0x2001787c</run_address>
         <size>0x2c</size>
      </object_component>
      <object_component id="oc-14a">
         <name>.common:g_app_config</name>
         <uninitialized>true</uninitialized>
         <run_address>0x200178cc</run_address>
         <size>0x8</size>
      </object_component>
      <object_component id="oc-23">
         <name>.sysmem</name>
         <uninitialized>true</uninitialized>
         <run_address>0x20017000</run_address>
         <size>0x10</size>
         <input_file_ref idref="fl-e0"/>
      </object_component>
      <object_component id="oc-5dc">
         <name>.sysmem</name>
         <uninitialized>true</uninitialized>
         <run_address>0x20017000</run_address>
         <size>0x0</size>
      </object_component>
      <object_component id="oc-26">
         <name>.stack</name>
         <uninitialized>true</uninitialized>
         <run_address>0x2002f800</run_address>
         <size>0x4</size>
         <input_file_ref idref="fl-e4"/>
      </object_component>
      <object_component id="oc-5db">
         <name>.stack</name>
         <uninitialized>true</uninitialized>
         <run_address>0x2002f800</run_address>
         <size>0x0</size>
      </object_component>
      <object_component id="oc-442">
         <name>.debug_info</name>
         <load_address>0x0</load_address>
         <run_address>0x0</run_address>
         <size>0x354</size>
         <input_file_ref idref="fl-2"/>
      </object_component>
      <object_component id="oc-46f">
         <name>.debug_info</name>
         <load_address>0x354</load_address>
         <run_address>0x354</run_address>
         <size>0xf4</size>
         <input_file_ref idref="fl-2"/>
      </object_component>
      <object_component id="oc-469">
         <name>.debug_info</name>
         <load_address>0x448</load_address>
         <run_address>0x448</run_address>
         <size>0x155</size>
         <input_file_ref idref="fl-2"/>
      </object_component>
      <object_component id="oc-321">
         <name>.debug_info</name>
         <load_address>0x59d</load_address>
         <run_address>0x59d</run_address>
         <size>0xef9</size>
         <input_file_ref idref="fl-2"/>
      </object_component>
      <object_component id="oc-302">
         <name>.debug_info</name>
         <load_address>0x1496</load_address>
         <run_address>0x1496</run_address>
         <size>0x26b</size>
         <input_file_ref idref="fl-2"/>
      </object_component>
      <object_component id="oc-49f">
         <name>.debug_info</name>
         <load_address>0x1701</load_address>
         <run_address>0x1701</run_address>
         <size>0x62</size>
         <input_file_ref idref="fl-2"/>
      </object_component>
      <object_component id="oc-38">
         <name>.debug_info</name>
         <load_address>0x1763</load_address>
         <run_address>0x1763</run_address>
         <size>0x84</size>
         <input_file_ref idref="fl-2"/>
      </object_component>
      <object_component id="oc-3b6">
         <name>.debug_info</name>
         <load_address>0x17e7</load_address>
         <run_address>0x17e7</run_address>
         <size>0x2a4</size>
         <input_file_ref idref="fl-2"/>
      </object_component>
      <object_component id="oc-1a5">
         <name>.debug_info</name>
         <load_address>0x1a8b</load_address>
         <run_address>0x1a8b</run_address>
         <size>0x2c</size>
         <input_file_ref idref="fl-2"/>
      </object_component>
      <object_component id="oc-33d">
         <name>.debug_info</name>
         <load_address>0x1ab7</load_address>
         <run_address>0x1ab7</run_address>
         <size>0xcc</size>
         <input_file_ref idref="fl-2"/>
      </object_component>
      <object_component id="oc-20e">
         <name>.debug_info</name>
         <load_address>0x1b83</load_address>
         <run_address>0x1b83</run_address>
         <size>0x2c</size>
         <input_file_ref idref="fl-2"/>
      </object_component>
      <object_component id="oc-2e0">
         <name>.debug_info</name>
         <load_address>0x1baf</load_address>
         <run_address>0x1baf</run_address>
         <size>0x4e0</size>
         <input_file_ref idref="fl-3"/>
      </object_component>
      <object_component id="oc-138">
         <name>.debug_info</name>
         <load_address>0x208f</load_address>
         <run_address>0x208f</run_address>
         <size>0xc2e</size>
         <input_file_ref idref="fl-3"/>
      </object_component>
      <object_component id="oc-213">
         <name>.debug_info</name>
         <load_address>0x2cbd</load_address>
         <run_address>0x2cbd</run_address>
         <size>0x110</size>
         <input_file_ref idref="fl-3"/>
      </object_component>
      <object_component id="oc-2db">
         <name>.debug_info</name>
         <load_address>0x2dcd</load_address>
         <run_address>0x2dcd</run_address>
         <size>0x8b</size>
         <input_file_ref idref="fl-3"/>
      </object_component>
      <object_component id="oc-438">
         <name>.debug_info</name>
         <load_address>0x2e58</load_address>
         <run_address>0x2e58</run_address>
         <size>0xbb</size>
         <input_file_ref idref="fl-3"/>
      </object_component>
      <object_component id="oc-15e">
         <name>.debug_info</name>
         <load_address>0x2f13</load_address>
         <run_address>0x2f13</run_address>
         <size>0xa19</size>
         <input_file_ref idref="fl-4"/>
      </object_component>
      <object_component id="oc-12c">
         <name>.debug_info</name>
         <load_address>0x392c</load_address>
         <run_address>0x392c</run_address>
         <size>0x3d6</size>
         <input_file_ref idref="fl-4"/>
      </object_component>
      <object_component id="oc-98">
         <name>.debug_info</name>
         <load_address>0x3d02</load_address>
         <run_address>0x3d02</run_address>
         <size>0x19ac</size>
         <input_file_ref idref="fl-4"/>
      </object_component>
      <object_component id="oc-2f3">
         <name>.debug_info</name>
         <load_address>0x56ae</load_address>
         <run_address>0x56ae</run_address>
         <size>0x46a</size>
         <input_file_ref idref="fl-4"/>
      </object_component>
      <object_component id="oc-27f">
         <name>.debug_info</name>
         <load_address>0x5b18</load_address>
         <run_address>0x5b18</run_address>
         <size>0x48</size>
         <input_file_ref idref="fl-4"/>
      </object_component>
      <object_component id="oc-43d">
         <name>.debug_info</name>
         <load_address>0x5b60</load_address>
         <run_address>0x5b60</run_address>
         <size>0x92</size>
         <input_file_ref idref="fl-4"/>
      </object_component>
      <object_component id="oc-2e9">
         <name>.debug_info</name>
         <load_address>0x5bf2</load_address>
         <run_address>0x5bf2</run_address>
         <size>0x8ad</size>
         <input_file_ref idref="fl-4"/>
      </object_component>
      <object_component id="oc-2ee">
         <name>.debug_info</name>
         <load_address>0x649f</load_address>
         <run_address>0x649f</run_address>
         <size>0x611</size>
         <input_file_ref idref="fl-4"/>
      </object_component>
      <object_component id="oc-2e4">
         <name>.debug_info</name>
         <load_address>0x6ab0</load_address>
         <run_address>0x6ab0</run_address>
         <size>0xa71</size>
         <input_file_ref idref="fl-4"/>
      </object_component>
      <object_component id="oc-30c">
         <name>.debug_info</name>
         <load_address>0x7521</load_address>
         <run_address>0x7521</run_address>
         <size>0x170</size>
         <input_file_ref idref="fl-4"/>
      </object_component>
      <object_component id="oc-2f8">
         <name>.debug_info</name>
         <load_address>0x7691</load_address>
         <run_address>0x7691</run_address>
         <size>0xc4</size>
         <input_file_ref idref="fl-4"/>
      </object_component>
      <object_component id="oc-2fd">
         <name>.debug_info</name>
         <load_address>0x7755</load_address>
         <run_address>0x7755</run_address>
         <size>0x6c8</size>
         <input_file_ref idref="fl-4"/>
      </object_component>
      <object_component id="oc-307">
         <name>.debug_info</name>
         <load_address>0x7e1d</load_address>
         <run_address>0x7e1d</run_address>
         <size>0x35</size>
         <input_file_ref idref="fl-4"/>
      </object_component>
      <object_component id="oc-27b">
         <name>.debug_info</name>
         <load_address>0x7e52</load_address>
         <run_address>0x7e52</run_address>
         <size>0x496</size>
         <input_file_ref idref="fl-6"/>
      </object_component>
      <object_component id="oc-121">
         <name>.debug_info</name>
         <load_address>0x82e8</load_address>
         <run_address>0x82e8</run_address>
         <size>0x1a93</size>
         <input_file_ref idref="fl-6"/>
      </object_component>
      <object_component id="oc-159">
         <name>.debug_info</name>
         <load_address>0x9d7b</load_address>
         <run_address>0x9d7b</run_address>
         <size>0x185</size>
         <input_file_ref idref="fl-7"/>
      </object_component>
      <object_component id="oc-31">
         <name>.debug_info</name>
         <load_address>0x9f00</load_address>
         <run_address>0x9f00</run_address>
         <size>0x188</size>
         <input_file_ref idref="fl-8"/>
      </object_component>
      <object_component id="oc-13">
         <name>.debug_info</name>
         <load_address>0xa088</load_address>
         <run_address>0xa088</run_address>
         <size>0x107</size>
         <input_file_ref idref="fl-8"/>
      </object_component>
      <object_component id="oc-2a">
         <name>.debug_info</name>
         <load_address>0xa18f</load_address>
         <run_address>0xa18f</run_address>
         <size>0x428</size>
         <input_file_ref idref="fl-8"/>
      </object_component>
      <object_component id="oc-20d">
         <name>.debug_info</name>
         <load_address>0xa5b7</load_address>
         <run_address>0xa5b7</run_address>
         <size>0x3d3</size>
         <input_file_ref idref="fl-9"/>
      </object_component>
      <object_component id="oc-20a">
         <name>.debug_info</name>
         <load_address>0xa98a</load_address>
         <run_address>0xa98a</run_address>
         <size>0xfe</size>
         <input_file_ref idref="fl-9"/>
      </object_component>
      <object_component id="oc-e1">
         <name>.debug_info</name>
         <load_address>0xaa88</load_address>
         <run_address>0xaa88</run_address>
         <size>0x8da</size>
         <input_file_ref idref="fl-9"/>
      </object_component>
      <object_component id="oc-141">
         <name>.debug_info</name>
         <load_address>0xb362</load_address>
         <run_address>0xb362</run_address>
         <size>0xae8</size>
         <input_file_ref idref="fl-a"/>
      </object_component>
      <object_component id="oc-312">
         <name>.debug_info</name>
         <load_address>0xbe4a</load_address>
         <run_address>0xbe4a</run_address>
         <size>0x140</size>
         <input_file_ref idref="fl-a"/>
      </object_component>
      <object_component id="oc-319">
         <name>.debug_info</name>
         <load_address>0xbf8a</load_address>
         <run_address>0xbf8a</run_address>
         <size>0xd8</size>
         <input_file_ref idref="fl-a"/>
      </object_component>
      <object_component id="oc-31c">
         <name>.debug_info</name>
         <load_address>0xc062</load_address>
         <run_address>0xc062</run_address>
         <size>0xd8</size>
         <input_file_ref idref="fl-a"/>
      </object_component>
      <object_component id="oc-326">
         <name>.debug_info</name>
         <load_address>0xc13a</load_address>
         <run_address>0xc13a</run_address>
         <size>0xd8</size>
         <input_file_ref idref="fl-a"/>
      </object_component>
      <object_component id="oc-144">
         <name>.debug_info</name>
         <load_address>0xc212</load_address>
         <run_address>0xc212</run_address>
         <size>0x123a</size>
         <input_file_ref idref="fl-a"/>
      </object_component>
      <object_component id="oc-bc">
         <name>.debug_info</name>
         <load_address>0xd44c</load_address>
         <run_address>0xd44c</run_address>
         <size>0x2c</size>
         <input_file_ref idref="fl-a"/>
      </object_component>
      <object_component id="oc-548">
         <name>.debug_info</name>
         <load_address>0xd478</load_address>
         <run_address>0xd478</run_address>
         <size>0x1e0</size>
         <input_file_ref idref="fl-10"/>
      </object_component>
      <object_component id="oc-53c">
         <name>.debug_info</name>
         <load_address>0xd658</load_address>
         <run_address>0xd658</run_address>
         <size>0x19e</size>
         <input_file_ref idref="fl-10"/>
      </object_component>
      <object_component id="oc-115">
         <name>.debug_info</name>
         <load_address>0xd7f6</load_address>
         <run_address>0xd7f6</run_address>
         <size>0x1dd</size>
         <input_file_ref idref="fl-10"/>
      </object_component>
      <object_component id="oc-44b">
         <name>.debug_info</name>
         <load_address>0xd9d3</load_address>
         <run_address>0xd9d3</run_address>
         <size>0x1e8</size>
         <input_file_ref idref="fl-10"/>
      </object_component>
      <object_component id="oc-463">
         <name>.debug_info</name>
         <load_address>0xdbbb</load_address>
         <run_address>0xdbbb</run_address>
         <size>0x1bf</size>
         <input_file_ref idref="fl-10"/>
      </object_component>
      <object_component id="oc-45d">
         <name>.debug_info</name>
         <load_address>0xdd7a</load_address>
         <run_address>0xdd7a</run_address>
         <size>0x1bd</size>
         <input_file_ref idref="fl-10"/>
      </object_component>
      <object_component id="oc-457">
         <name>.debug_info</name>
         <load_address>0xdf37</load_address>
         <run_address>0xdf37</run_address>
         <size>0x208</size>
         <input_file_ref idref="fl-10"/>
      </object_component>
      <object_component id="oc-11b">
         <name>.debug_info</name>
         <load_address>0xe13f</load_address>
         <run_address>0xe13f</run_address>
         <size>0x1af</size>
         <input_file_ref idref="fl-10"/>
      </object_component>
      <object_component id="oc-245">
         <name>.debug_info</name>
         <load_address>0xe2ee</load_address>
         <run_address>0xe2ee</run_address>
         <size>0x1d4</size>
         <input_file_ref idref="fl-10"/>
      </object_component>
      <object_component id="oc-593">
         <name>.debug_info</name>
         <load_address>0xe4c2</load_address>
         <run_address>0xe4c2</run_address>
         <size>0x220</size>
         <input_file_ref idref="fl-11"/>
      </object_component>
      <object_component id="oc-2d6">
         <name>.debug_info</name>
         <load_address>0xe6e2</load_address>
         <run_address>0xe6e2</run_address>
         <size>0x242</size>
         <input_file_ref idref="fl-11"/>
      </object_component>
      <object_component id="oc-2ca">
         <name>.debug_info</name>
         <load_address>0xe924</load_address>
         <run_address>0xe924</run_address>
         <size>0x18d</size>
         <input_file_ref idref="fl-11"/>
      </object_component>
      <object_component id="oc-2d0">
         <name>.debug_info</name>
         <load_address>0xeab1</load_address>
         <run_address>0xeab1</run_address>
         <size>0x1da</size>
         <input_file_ref idref="fl-11"/>
      </object_component>
      <object_component id="oc-29a">
         <name>.debug_info</name>
         <load_address>0xec8b</load_address>
         <run_address>0xec8b</run_address>
         <size>0x1ca</size>
         <input_file_ref idref="fl-11"/>
      </object_component>
      <object_component id="oc-2a0">
         <name>.debug_info</name>
         <load_address>0xee55</load_address>
         <run_address>0xee55</run_address>
         <size>0x1d8</size>
         <input_file_ref idref="fl-11"/>
      </object_component>
      <object_component id="oc-2b8">
         <name>.debug_info</name>
         <load_address>0xf02d</load_address>
         <run_address>0xf02d</run_address>
         <size>0x20f</size>
         <input_file_ref idref="fl-11"/>
      </object_component>
      <object_component id="oc-2ad">
         <name>.debug_info</name>
         <load_address>0xf23c</load_address>
         <run_address>0xf23c</run_address>
         <size>0x1be</size>
         <input_file_ref idref="fl-11"/>
      </object_component>
      <object_component id="oc-2b3">
         <name>.debug_info</name>
         <load_address>0xf3fa</load_address>
         <run_address>0xf3fa</run_address>
         <size>0x1a3</size>
         <input_file_ref idref="fl-11"/>
      </object_component>
      <object_component id="oc-2bf">
         <name>.debug_info</name>
         <load_address>0xf59d</load_address>
         <run_address>0xf59d</run_address>
         <size>0x1be</size>
         <input_file_ref idref="fl-11"/>
      </object_component>
      <object_component id="oc-2c5">
         <name>.debug_info</name>
         <load_address>0xf75b</load_address>
         <run_address>0xf75b</run_address>
         <size>0x193</size>
         <input_file_ref idref="fl-11"/>
      </object_component>
      <object_component id="oc-2a7">
         <name>.debug_info</name>
         <load_address>0xf8ee</load_address>
         <run_address>0xf8ee</run_address>
         <size>0x1cc</size>
         <input_file_ref idref="fl-11"/>
      </object_component>
      <object_component id="oc-5a8">
         <name>.debug_info</name>
         <load_address>0xfaba</load_address>
         <run_address>0xfaba</run_address>
         <size>0x26b</size>
         <input_file_ref idref="fl-11"/>
      </object_component>
      <object_component id="oc-52f">
         <name>.debug_info</name>
         <load_address>0xfd25</load_address>
         <run_address>0xfd25</run_address>
         <size>0x297</size>
         <input_file_ref idref="fl-11"/>
      </object_component>
      <object_component id="oc-427">
         <name>.debug_info</name>
         <load_address>0xffbc</load_address>
         <run_address>0xffbc</run_address>
         <size>0xbb</size>
         <input_file_ref idref="fl-11"/>
      </object_component>
      <object_component id="oc-365">
         <name>.debug_info</name>
         <load_address>0x10077</load_address>
         <run_address>0x10077</run_address>
         <size>0x201</size>
         <input_file_ref idref="fl-12"/>
      </object_component>
      <object_component id="oc-538">
         <name>.debug_info</name>
         <load_address>0x10278</load_address>
         <run_address>0x10278</run_address>
         <size>0xf0</size>
         <input_file_ref idref="fl-12"/>
      </object_component>
      <object_component id="oc-1ab">
         <name>.debug_info</name>
         <load_address>0x10368</load_address>
         <run_address>0x10368</run_address>
         <size>0xf4</size>
         <input_file_ref idref="fl-12"/>
      </object_component>
      <object_component id="oc-cc">
         <name>.debug_info</name>
         <load_address>0x1045c</load_address>
         <run_address>0x1045c</run_address>
         <size>0x17c</size>
         <input_file_ref idref="fl-12"/>
      </object_component>
      <object_component id="oc-c6">
         <name>.debug_info</name>
         <load_address>0x105d8</load_address>
         <run_address>0x105d8</run_address>
         <size>0x1ae</size>
         <input_file_ref idref="fl-12"/>
      </object_component>
      <object_component id="oc-542">
         <name>.debug_info</name>
         <load_address>0x10786</load_address>
         <run_address>0x10786</run_address>
         <size>0x1f8</size>
         <input_file_ref idref="fl-12"/>
      </object_component>
      <object_component id="oc-451">
         <name>.debug_info</name>
         <load_address>0x1097e</load_address>
         <run_address>0x1097e</run_address>
         <size>0x1fa</size>
         <input_file_ref idref="fl-12"/>
      </object_component>
      <object_component id="oc-d3">
         <name>.debug_info</name>
         <load_address>0x10b78</load_address>
         <run_address>0x10b78</run_address>
         <size>0x19f</size>
         <input_file_ref idref="fl-12"/>
      </object_component>
      <object_component id="oc-4b9">
         <name>.debug_info</name>
         <load_address>0x10d17</load_address>
         <run_address>0x10d17</run_address>
         <size>0x14e</size>
         <input_file_ref idref="fl-13"/>
      </object_component>
      <object_component id="oc-3d1">
         <name>.debug_info</name>
         <load_address>0x10e65</load_address>
         <run_address>0x10e65</run_address>
         <size>0xf6</size>
         <input_file_ref idref="fl-13"/>
      </object_component>
      <object_component id="oc-23f">
         <name>.debug_info</name>
         <load_address>0x10f5b</load_address>
         <run_address>0x10f5b</run_address>
         <size>0x1bf</size>
         <input_file_ref idref="fl-13"/>
      </object_component>
      <object_component id="oc-239">
         <name>.debug_info</name>
         <load_address>0x1111a</load_address>
         <run_address>0x1111a</run_address>
         <size>0x20d</size>
         <input_file_ref idref="fl-13"/>
      </object_component>
      <object_component id="oc-332">
         <name>.debug_info</name>
         <load_address>0x11327</load_address>
         <run_address>0x11327</run_address>
         <size>0x1d4</size>
         <input_file_ref idref="fl-13"/>
      </object_component>
      <object_component id="oc-338">
         <name>.debug_info</name>
         <load_address>0x114fb</load_address>
         <run_address>0x114fb</run_address>
         <size>0x1d2</size>
         <input_file_ref idref="fl-13"/>
      </object_component>
      <object_component id="oc-266">
         <name>.debug_info</name>
         <load_address>0x116cd</load_address>
         <run_address>0x116cd</run_address>
         <size>0x1d2</size>
         <input_file_ref idref="fl-13"/>
      </object_component>
      <object_component id="oc-112">
         <name>.debug_info</name>
         <load_address>0x1189f</load_address>
         <run_address>0x1189f</run_address>
         <size>0x222</size>
         <input_file_ref idref="fl-13"/>
      </object_component>
      <object_component id="oc-36a">
         <name>.debug_info</name>
         <load_address>0x11ac1</load_address>
         <run_address>0x11ac1</run_address>
         <size>0x25e</size>
         <input_file_ref idref="fl-14"/>
      </object_component>
      <object_component id="oc-232">
         <name>.debug_info</name>
         <load_address>0x11d1f</load_address>
         <run_address>0x11d1f</run_address>
         <size>0xff</size>
         <input_file_ref idref="fl-14"/>
      </object_component>
      <object_component id="oc-1b0">
         <name>.debug_info</name>
         <load_address>0x11e1e</load_address>
         <run_address>0x11e1e</run_address>
         <size>0x1a6</size>
         <input_file_ref idref="fl-14"/>
      </object_component>
      <object_component id="oc-10a">
         <name>.debug_info</name>
         <load_address>0x11fc4</load_address>
[...]
         <value>0x2000ad0d</value>
         <object_component_ref idref="oc-c5"/>
      </symbol>
      <symbol id="sm-55b">
         <name>IntEnable</name>
         <value>0x20009861</value>
         <object_component_ref idref="oc-d1"/>
      </symbol>
      <symbol id="sm-55c">
         <name>IntRegister</name>
         <value>0x2000aa25</value>
         <object_component_ref idref="oc-541"/>
      </symbol>
      <symbol id="sm-55d">
         <name>IntMasterEnable</name>
         <value>0x2000adc7</value>
         <object_component_ref idref="oc-cb"/>
      </symbol>
      <symbol id="sm-5a4">
         <name>PinTypeI2C</name>
         <value>0x2000aadd</value>
         <object_component_ref idref="oc-334"/>
      </symbol>
      <symbol id="sm-5a5">
         <name>PinTypeUART</name>
         <value>0x2000ab9d</value>
         <object_component_ref idref="oc-32e"/>
      </symbol>
      <symbol id="sm-5a6">
         <name>PinTypeGPIO</name>
         <value>0x2000a7e7</value>
         <object_component_ref idref="oc-10e"/>
      </symbol>
      <symbol id="sm-5a7">
         <name>PinConfigSet</name>
         <value>0x20009c9d</value>
         <object_component_ref idref="oc-235"/>
      </symbol>
      <symbol id="sm-5a8">
         <name>PinTypeSPI</name>
         <value>0x2000ab83</value>
         <object_component_ref idref="oc-262"/>
      </symbol>
      <symbol id="sm-5a9">
         <name>PinModeSet</name>
         <value>0x2000a5d1</value>
         <object_component_ref idref="oc-23b"/>
      </symbol>
      <symbol id="sm-62f">
         <name>PRCMPeripheralReset</name>
         <value>0x2000a305</value>
         <object_component_ref idref="oc-1c0"/>
      </symbol>
      <symbol id="sm-630">
         <name>PRCMPeripheralClkEnable</name>
         <value>0x2000a6d1</value>
         <object_component_ref idref="oc-108"/>
      </symbol>
      <symbol id="sm-631">
         <name>PRCMPeripheralClockGet</name>
         <value>0x20009b75</value>
         <object_component_ref idref="oc-1cd"/>
      </symbol>
      <symbol id="sm-632">
         <name>PRCMCC3200MCUInit</name>
         <value>0x20008d11</value>
         <object_component_ref idref="oc-d7"/>
      </symbol>
      <symbol id="sm-633">
         <name>PRCMHIBRegWrite</name>
         <value>0x2000acb9</value>
         <object_component_ref idref="oc-1ba"/>
      </symbol>
      <symbol id="sm-634">
         <name>PRCMSysResetCauseGet</name>
         <value>0x2000a8d5</value>
         <object_component_ref idref="oc-1ae"/>
      </symbol>
      <symbol id="sm-635">
         <name>PRCMPeripheralClkDisable</name>
         <value>0x2000a901</value>
         <object_component_ref idref="oc-1c6"/>
      </symbol>
      <symbol id="sm-636">
         <name>PRCMHIBRegRead</name>
         <value>0x2000aca3</value>
         <object_component_ref idref="oc-1b4"/>
      </symbol>
      <symbol id="sm-67b">
         <name>SPICSEnable</name>
         <value>0x2000abff</value>
         <object_component_ref idref="oc-256"/>
      </symbol>
      <symbol id="sm-67c">
         <name>SPIDataPut</name>
         <value>0x2000aaa1</value>
         <object_component_ref idref="oc-24a"/>
      </symbol>
      <symbol id="sm-67d">
         <name>SPIEnable</name>
         <value>0x2000ac17</value>
         <object_component_ref idref="oc-274"/>
      </symbol>
      <symbol id="sm-67e">
         <name>SPIDataGet</name>
         <value>0x2000aa45</value>
         <object_component_ref idref="oc-250"/>
      </symbol>
      <symbol id="sm-67f">
         <name>SPIConfigSetExpClk</name>
         <value>0x20009909</value>
         <object_component_ref idref="oc-26e"/>
      </symbol>
      <symbol id="sm-680">
         <name>SPIReset</name>
         <value>0x2000a9e3</value>
         <object_component_ref idref="oc-268"/>
      </symbol>
      <symbol id="sm-681">
         <name>SPICSDisable</name>
         <value>0x2000abe7</value>
         <object_component_ref idref="oc-25c"/>
      </symbol>
      <symbol id="sm-6bd">
         <name>UARTConfigSetExpClk</name>
         <value>0x2000a02b</value>
         <object_component_ref idref="oc-1d3"/>
      </symbol>
      <symbol id="sm-6be">
         <name>UARTDisable</name>
         <value>0x2000a819</value>
         <object_component_ref idref="oc-36d"/>
      </symbol>
      <symbol id="sm-6bf">
         <name>UARTCharsAvail</name>
         <value>0x2000ac2f</value>
         <object_component_ref idref="oc-1e5"/>
      </symbol>
      <symbol id="sm-6c0">
         <name>UARTCharGetNonBlocking</name>
         <value>0x2000aaf9</value>
         <object_component_ref idref="oc-1eb"/>
      </symbol>
      <symbol id="sm-6c1">
         <name>UARTCharPut</name>
         <value>0x2000aabf</value>
         <object_component_ref idref="oc-1d9"/>
      </symbol>
      <symbol id="sm-6c2">
         <name>UARTEnable</name>
         <value>0x2000a979</value>
         <object_component_ref idref="oc-373"/>
      </symbol>
      <symbol id="sm-6c6">
         <name>UtilsDelay</name>
         <value>0x2000aded</value>
         <object_component_ref idref="oc-134"/>
      </symbol>
      <symbol id="sm-6d0">
         <name>CPUcpsie</name>
         <value>0x2000ace5</value>
         <object_component_ref idref="oc-19e"/>
      </symbol>
      <symbol id="sm-6f8">
         <name>sprintf</name>
         <value>0x2000a611</value>
         <object_component_ref idref="oc-12e"/>
      </symbol>
      <symbol id="sm-722">
         <name>vsnprintf</name>
         <value>0x2000a651</value>
         <object_component_ref idref="oc-1df"/>
      </symbol>
      <symbol id="sm-750">
         <name>acosf</name>
         <value>0x2000876d</value>
         <object_component_ref idref="oc-102"/>
      </symbol>
      <symbol id="sm-773">
         <name>sqrtf</name>
         <value>0x20009a45</value>
         <object_component_ref idref="oc-f7"/>
      </symbol>
      <symbol id="sm-784">
         <name>__aeabi_fadd</name>
         <value>0x2000941d</value>
         <object_component_ref idref="oc-f2"/>
      </symbol>
      <symbol id="sm-785">
         <name>__aeabi_fsub</name>
         <value>0x20009419</value>
         <object_component_ref idref="oc-f2"/>
      </symbol>
      <symbol id="sm-79f">
         <name>__aeabi_cfrcmple</name>
         <value>0x2000a247</value>
         <object_component_ref idref="oc-e8"/>
      </symbol>
      <symbol id="sm-7a0">
         <name>__aeabi_cfcmpeq</name>
         <value>0x2000a1e7</value>
         <object_component_ref idref="oc-e3"/>
      </symbol>
      <symbol id="sm-7a1">
         <name>__aeabi_cfcmple</name>
         <value>0x2000a1e7</value>
         <object_component_ref idref="oc-e3"/>
      </symbol>
      <symbol id="sm-7ae">
         <name>__aeabi_fdiv</name>
         <value>0x20009c09</value>
         <object_component_ref idref="oc-fd"/>
      </symbol>
      <symbol id="sm-7b8">
         <name>__aeabi_fmul</name>
         <value>0x20009f37</value>
         <object_component_ref idref="oc-ed"/>
      </symbol>
      <symbol id="sm-7c3">
         <name>__aeabi_f2d</name>
         <value>0x2000a70d</value>
         <object_component_ref idref="oc-126"/>
      </symbol>
      <symbol id="sm-7ce">
         <name>__aeabi_i2f</name>
         <value>0x2000a745</value>
         <object_component_ref idref="oc-13b"/>
      </symbol>
      <symbol id="sm-7e9">
         <name>memcpy</name>
         <value>0x200099a9</value>
         <object_component_ref idref="oc-3d"/>
      </symbol>
      <symbol id="sm-7ea">
         <name>__aeabi_memcpy</name>
         <value>0x200099a9</value>
         <object_component_ref idref="oc-3d"/>
      </symbol>
      <symbol id="sm-7eb">
         <name>__aeabi_memcpy8</name>
         <value>0x200099a9</value>
         <object_component_ref idref="oc-3d"/>
      </symbol>
      <symbol id="sm-7ec">
         <name>__aeabi_memcpy4</name>
         <value>0x200099a9</value>
         <object_component_ref idref="oc-3d"/>
      </symbol>
      <symbol id="sm-7f9">
         <name>__aeabi_uldivmod</name>
         <value>0x20009add</value>
         <object_component_ref idref="oc-4c1"/>
      </symbol>
      <symbol id="sm-808">
         <name>__aeabi_memset</name>
         <value>0x20009fb3</value>
         <object_component_ref idref="oc-8b"/>
      </symbol>
      <symbol id="sm-809">
         <name>memset</name>
         <value>0x20009fb9</value>
         <object_component_ref idref="oc-8b"/>
      </symbol>
      <symbol id="sm-80a">
         <name>__aeabi_memset8</name>
         <value>0x20009fb3</value>
         <object_component_ref idref="oc-8b"/>
      </symbol>
      <symbol id="sm-80b">
         <name>__aeabi_memset4</name>
         <value>0x20009fb3</value>
         <object_component_ref idref="oc-8b"/>
      </symbol>
      <symbol id="sm-80c">
         <name>__aeabi_memclr8</name>
         <value>0x20009fb1</value>
         <object_component_ref idref="oc-8b"/>
      </symbol>
      <symbol id="sm-80d">
         <name>__aeabi_memclr4</name>
         <value>0x20009fb1</value>
         <object_component_ref idref="oc-8b"/>
      </symbol>
      <symbol id="sm-80e">
         <name>__aeabi_memclr</name>
         <value>0x20009fb1</value>
         <object_component_ref idref="oc-8b"/>
      </symbol>
      <symbol id="sm-822">
         <name>__TI_zero_init_nomemset</name>
         <value>0x2000ab15</value>
         <object_component_ref idref="oc-49"/>
      </symbol>
      <symbol id="sm-839">
         <name>__TI_decompress_none</name>
         <value>0x2000ad9f</value>
         <object_component_ref idref="oc-1b"/>
      </symbol>
      <symbol id="sm-85c">
         <name>__TI_decompress_lzss</name>
         <value>0x2000a17f</value>
         <object_component_ref idref="oc-15"/>
      </symbol>
      <symbol id="sm-86d">
         <name>memmove</name>
         <value>0x2000a951</value>
         <object_component_ref idref="oc-1f1"/>
      </symbol>
      <symbol id="sm-90b">
         <name>_sys_memory</name>
         <value>0x20017000</value>
         <object_component_ref idref="oc-23"/>
      </symbol>
      <symbol id="sm-90c">
         <name>free</name>
         <value>0x20009515</value>
         <object_component_ref idref="oc-203"/>
      </symbol>
      <symbol id="sm-90d">
         <name>realloc</name>
         <value>0x200095f9</value>
         <object_component_ref idref="oc-1fd"/>
      </symbol>
      <symbol id="sm-90e">
         <name>memalign</name>
         <value>0x2000921d</value>
         <object_component_ref idref="oc-397"/>
      </symbol>
      <symbol id="sm-90f">
         <name>malloc</name>
         <value>0x2000ade5</value>
         <object_component_ref idref="oc-1f7"/>
      </symbol>
      <symbol id="sm-910">
         <name>aligned_alloc</name>
         <value>0x2000921d</value>
         <object_component_ref idref="oc-397"/>
      </symbol>
      <symbol id="sm-91e">
         <name>strcpy</name>
         <value>0x2000ad21</value>
         <object_component_ref idref="oc-151"/>
      </symbol>
      <symbol id="sm-92c">
         <name>strlen</name>
         <value>0x2000ad35</value>
         <object_component_ref idref="oc-14b"/>
      </symbol>
      <symbol id="sm-942">
         <name>__aeabi_errno_addr</name>
         <value>0x2000addd</value>
         <object_component_ref idref="oc-21c"/>
      </symbol>
      <symbol id="sm-943">
         <name>errno</name>
         <value>0x20017878</value>
         <object_component_ref idref="oc-3bb"/>
      </symbol>
      <symbol id="sm-955">
         <name>__stack</name>
         <value>0x2002f800</value>
         <object_component_ref idref="oc-26"/>
      </symbol>
      <symbol id="sm-956">
         <name>_c_int00_noargs</name>
         <value>0x2000a99d</value>
         <object_component_ref idref="oc-5b"/>
      </symbol>
      <symbol id="sm-abb">
         <name>__TI_printfi</name>
         <value>0x200071ed</value>
         <object_component_ref idref="oc-284"/>
      </symbol>
      <symbol id="sm-ad1">
         <name>frexpl</name>
         <value>0x2000a2a9</value>
         <object_component_ref idref="oc-507"/>
      </symbol>
      <symbol id="sm-ad2">
         <name>frexp</name>
         <value>0x2000a2a9</value>
         <object_component_ref idref="oc-507"/>
      </symbol>
      <symbol id="sm-af0">
         <name>scalbn</name>
         <value>0x200096dd</value>
         <object_component_ref idref="oc-50d"/>
      </symbol>
      <symbol id="sm-af1">
         <name>scalbnl</name>
         <value>0x200096dd</value>
         <object_component_ref idref="oc-50d"/>
      </symbol>
      <symbol id="sm-af2">
         <name>ldexpl</name>
         <value>0x200096dd</value>
         <object_component_ref idref="oc-50d"/>
      </symbol>
      <symbol id="sm-af3">
         <name>ldexp</name>
         <value>0x200096dd</value>
         <object_component_ref idref="oc-50d"/>
      </symbol>
      <symbol id="sm-b0c">
         <name>wcslen</name>
         <value>0x2000ad7f</value>
         <object_component_ref idref="oc-410"/>
      </symbol>
      <symbol id="sm-b16">
         <name>__aeabi_idiv0</name>
         <value>0x20008d0f</value>
         <object_component_ref idref="oc-567"/>
      </symbol>
      <symbol id="sm-b17">
         <name>__aeabi_ldiv0</name>
         <value>0x20008d0f</value>
         <object_component_ref idref="oc-567"/>
      </symbol>
      <symbol id="sm-b2e">
         <name>__aeabi_dsub</name>
         <value>0x20008b59</value>
         <object_component_ref idref="oc-4e7"/>
      </symbol>
      <symbol id="sm-b2f">
         <name>__aeabi_dadd</name>
         <value>0x20008b63</value>
         <object_component_ref idref="oc-4e7"/>
      </symbol>
      <symbol id="sm-b51">
         <name>__aeabi_cdcmpeq</name>
         <value>0x20009d25</value>
         <object_component_ref idref="oc-3ed"/>
      </symbol>
      <symbol id="sm-b52">
         <name>__aeabi_cdcmple</name>
         <value>0x20009d25</value>
         <object_component_ref idref="oc-3ed"/>
      </symbol>
      <symbol id="sm-b53">
         <name>__aeabi_cdrcmple</name>
         <value>0x20009dab</value>
         <object_component_ref idref="oc-4d2"/>
      </symbol>
      <symbol id="sm-b67">
         <name>__aeabi_ddiv</name>
         <value>0x20008fc5</value>
         <object_component_ref idref="oc-4cd"/>
      </symbol>
      <symbol id="sm-b72">
         <name>__aeabi_dmul</name>
         <value>0x2000931d</value>
         <object_component_ref idref="oc-4c8"/>
      </symbol>
      <symbol id="sm-b7c">
         <name>__aeabi_d2iz</name>
         <value>0x2000a545</value>
         <object_component_ref idref="oc-4d7"/>
      </symbol>
      <symbol id="sm-b86">
         <name>__aeabi_i2d</name>
         <value>0x2000a879</value>
         <object_component_ref idref="oc-4e2"/>
      </symbol>
      <symbol id="sm-bae">
         <name>__TI_auto_init_nobinit_nopinit</name>
         <value>0x2000a58d</value>
         <object_component_ref idref="oc-16b"/>
      </symbol>
      <symbol id="sm-bb8">
         <name>_system_pre_init</name>
         <value>0x2000adf3</value>
         <object_component_ref idref="oc-91"/>
      </symbol>
      <symbol id="sm-bc4">
         <name>C$$EXIT</name>
         <value>0x2000adf7</value>
         <object_component_ref idref="oc-15f"/>
      </symbol>
      <symbol id="sm-bc5">
         <name>abort</name>
         <value>0x2000adf7</value>
         <object_component_ref idref="oc-15f"/>
      </symbol>
      <symbol id="sm-bda">
         <name>_nop</name>
         <value>0x20007c3b</value>
         <object_component_ref idref="oc-47c"/>
      </symbol>
      <symbol id="sm-bdb">
         <name>_lock</name>
         <value>0x20017868</value>
         <object_component_ref idref="oc-346"/>
      </symbol>
      <symbol id="sm-bdc">
         <name>_unlock</name>
         <value>0x2001786c</value>
         <object_component_ref idref="oc-346"/>
      </symbol>
      <symbol id="sm-beb">
         <name>__TI_ltoa</name>
         <value>0x2000a409</value>
         <object_component_ref idref="oc-4dc"/>
      </symbol>
      <symbol id="sm-c02">
         <name>atoi</name>
         <value>0x2000a4b1</value>
         <object_component_ref idref="oc-3e1"/>
      </symbol>
      <symbol id="sm-c0d">
         <name>_ctypes_</name>
         <value>0x2000adfc</value>
         <object_component_ref idref="oc-4bc"/>
      </symbol>
      <symbol id="sm-c1d">
         <name>memccpy</name>
         <value>0x2000ab4d</value>
         <object_component_ref idref="oc-40a"/>
      </symbol>
      <symbol id="sm-c2d">
         <name>strchr</name>
         <value>0x2000accf</value>
         <object_component_ref idref="oc-513"/>
      </symbol>
      <symbol id="sm-c37">
         <name>copysign</name>
         <value>0x2000adbb</value>
         <object_component_ref idref="oc-57b"/>
      </symbol>
      <symbol id="sm-c38">
         <name>copysignl</name>
         <value>0x2000adbb</value>
         <object_component_ref idref="oc-57b"/>
      </symbol>
      <symbol id="sm-c39">
         <name>__TI_static_base__</name>
         <value>0x2000b220</value>
      </symbol>
      <symbol id="sm-c3c">
         <name>sl_DevSet</name>
         <value>0x0</value>
      </symbol>
      <symbol id="sm-c3d">
         <name>sl_Send</name>
         <value>0x0</value>
      </symbol>
      <symbol id="sm-c3e">
         <name>sl_Close</name>
         <value>0x0</value>
      </symbol>
      <symbol id="sm-c3f">
         <name>sl_Recv</name>
         <value>0x0</value>
      </symbol>
      <symbol id="sm-c40">
         <name>sl_Start</name>
         <value>0x0</value>
      </symbol>
      <symbol id="sm-c41">
         <name>_SlNonOsMainLoopTask</name>
         <value>0x0</value>
      </symbol>
      <symbol id="sm-c42">
         <name>sl_WlanSetMode</name>
         <value>0x0</value>
      </symbol>
      <symbol id="sm-c43">
         <name>sl_Stop</name>
         <value>0x0</value>
      </symbol>
      <symbol id="sm-c44">
         <name>sl_DevGet</name>
         <value>0x0</value>
      </symbol>
      <symbol id="sm-c45">
         <name>sl_WlanPolicySet</name>
         <value>0x0</value>
      </symbol>
      <symbol id="sm-c46">
         <name>sl_WlanProfileDel</name>
         <value>0x0</value>
      </symbol>
      <symbol id="sm-c47">
         <name>sl_WlanDisconnect</name>
         <value>0x0</value>
      </symbol>
      <symbol id="sm-c48">
         <name>sl_NetCfgSet</name>
         <value>0x0</value>
      </symbol>
      <symbol id="sm-c49">
         <name>sl_WlanSet</name>
         <value>0x0</value>
      </symbol>
      <symbol id="sm-c4a">
         <name>sl_NetAppMDNSUnRegisterService</name>
         <value>0x0</value>
      </symbol>
      <symbol id="sm-c4b">
         <name>sl_WlanRxFilterSet</name>
         <value>0x0</value>
      </symbol>
      <symbol id="sm-c4c">
         <name>sl_WlanConnect</name>
         <value>0x0</value>
      </symbol>
      <symbol id="sm-c4d">
         <name>sl_NetAppDnsGetHostByName</name>
         <value>0x0</value>
      </symbol>
      <symbol id="sm-c4e">
         <name>sl_Htons</name>
         <value>0x0</value>
      </symbol>
      <symbol id="sm-c4f">
         <name>sl_Htonl</name>
         <value>0x0</value>
      </symbol>
      <symbol id="sm-c50">
         <name>sl_Socket</name>
         <value>0x0</value>
      </symbol>
      <symbol id="sm-c51">
         <name>sl_SetSockOpt</name>
         <value>0x0</value>
      </symbol>
      <symbol id="sm-c52">
         <name>sl_Connect</name>
         <value>0x0</value>
      </symbol>
      <symbol id="sm-c53">
         <name>__mpu_init</name>
         <value>0x0</value>
      </symbol>
      <symbol id="sm-c54">
         <name>_system_post_cinit</name>
         <value>0x0</value>
      </symbol>
   </symbol_table>
   <title>Link errors: red sections failed placement</title>
</link_info>
