******************************************************************************
                  TI ARM Linker PC v20.2.5                     
******************************************************************************
>> Linked Tue May 19 16:39:22 2026

OUTPUT FILE NAME:   <serial_wifi.out>
ENTRY POINT SYMBOL: "_c_int00_noargs"  address: 2000dd4d


MEMORY CONFIGURATION

         name            origin    length      used     unused   attr    fill
----------------------  --------  ---------  --------  --------  ----  --------
  SRAM_CODE             20004000   00013000  0000abe6  0000841a  RW X
  SRAM_DATA             20017000   00019000  00009291  0000fd6f  RW X


SEGMENT ALLOCATION MAP

run origin  load origin   length   init length attrs members
----------  ----------- ---------- ----------- ----- -------
20004000    20004000    0000abe8   0000abe8    r-x
  20004000    20004000    00000400   00000400    r-- .intvecs
  20004400    20004400    00009fc2   00009fc2    r-x .text
  2000e3c4    2000e3c4    000007d4   000007d4    r-- .const
  2000eb98    2000eb98    00000050   00000050    r-- .cinit
20017000    20017000    00008294   00000000    rw-
  20017000    20017000    00008000   00000000    rw- .sysmem
  2001f000    2001f000    000001ed   00000000    rw- .bss
  2001f1f0    2001f1f0    000000a4   00000000    rw- .data
2002f000    2002f000    00001000   00000000    rw-
  2002f000    2002f000    00001000   00000000    rw- .stack


SECTION ALLOCATION MAP

 output                                  attributes/
section   page    origin      length       input sections
--------  ----  ----------  ----------   ----------------
.intvecs   0    20004000    00000400     
                  20004000    00000400     startup_ccs.obj (.intvecs)

.init_array 
*          0    20004000    00000000     UNINITIALIZED

.text      0    20004400    00009fc2     
                  20004400    000012c8     network_if.obj (.text)
                  200056c8    00000a4e     rtsv7M4_T_le_eabi.lib : _printfi.c.obj (.text:__TI_printfi)
                  20006116    00000002     driverlib.a : interrupt.obj (.text:IntDefaultHandler)
                  20006118    000007dc     main.obj (.text)
                  200068f4    00000590     simplelink.a : driver.obj (.text:_SlDrvMsgRead)
                  20006e84    00000484     oled.obj (.text)
                  20007308    00000452     wifi_upload.obj (.text)
                  2000775a    00000002     rtsv7M4_T_le_eabi.lib : _lock.c.obj (.text:_nop)
                  2000775c    000002b4     i2c_if.obj (.text)
                  20007a10    00000280     simplelink.a : wlan.obj (.text:sl_WlanConnect)
                  20007c90    0000027c     uart_if.obj (.text)
                  20007f0c    00000268     rtsv7M4_T_le_eabi.lib : _printfi.c.obj (.text:_pconv_a)
                  20008174    00000248     simplelink.a : driver.obj (.text:_SlDrvRxHdrRead)
                  200083bc    000001f0     accelerometer.obj (.text)
                  200085ac    000001e4     simplelink.a : driver.obj (.text:_SlDrvDataReadOp)
                  20008790    000001d0                  : driver.obj (.text:_SlDrvReleasePoolObj)
                  20008960    000001cc     rtsv7M4_T_le_eabi.lib : _printfi.c.obj (.text:_pconv_g)
                  20008b2c    000001b6                           : fd_add_t2.asm.obj (.text)
                  20008ce2    00000002                           : div0.asm.obj (.text)
                  20008ce4    000001b4     simplelink.a : driver.obj (.text:_SlDrvDriverCBInit)
                  20008e98    0000019c                  : driver.obj (.text:_SlDrvMsgWrite)
                  20009034    00000190                  : driver.obj (.text:_SlDrvWaitForPoolObj)
                  200091c4    0000018c                  : socket.obj (.text:sl_Connect)
                  20009350    00000178     driverlib.a : prcm.obj (.text:PRCMCC3200MCUInit)
                  200094c8    00000170     simplelink.a : driver.obj (.text:_SlFindAndSetActiveObj)
                  20009638    00000150                  : driver.obj (.text:_SlDrvDataWriteOp)
                  20009788    00000148                  : cc_pal.obj (.text:spi_Open)
                  200098d0    00000144                  : driver.obj (.text:_SlDrvMsgReadCmdCtx)
                  20009a14    00000144                  : netapp.obj (.text:sl_NetAppDnsGetHostByName)
                  20009b58    0000013c     rtsv7M4_T_le_eabi.lib : _printfi.c.obj (.text:_pconv_e)
                  20009c94    00000136                           : fd_div_t2.asm.obj (.text)
                  20009dca    00000002     --HOLE-- [fill = 0]
                  20009dcc    00000134     simplelink.a : socket.obj (.text:sl_Send)
                  20009f00    00000130                  : driver.obj (.text:_SlDrvDriverCBDeinit)
                  2000a030    00000120     rtsv7M4_T_le_eabi.lib : _printfi.c.obj (.text:fcvt)
                  2000a150    00000104     simplelink.a : netapp.obj (.text:_SlDrvNetAppEventHandler)
                  2000a254    00000104     pin_mux_config.obj (.text)
                  2000a358    00000100     rtsv7M4_T_le_eabi.lib : memory.c.obj (.text:aligned_alloc)
                  2000a458    000000fc                           : fd_mul_t2.asm.obj (.text)
                  2000a554    000000f0     simplelink.a : device.obj (.text:sl_Start)
                  2000a644    000000f0                  : device.obj (.text:sl_Stop)
                  2000a734    000000f0                  : cc_pal.obj (.text:spi_Read)
                  2000a824    000000f0     driverlib.a : udma.obj (.text:uDMAChannelTransferSet)
                  2000a914    000000e8     simplelink.a : driver.obj (.text:_SlAsyncEventGenericHandler)
                  2000a9fc    000000e8                  : driver.obj (.text:_SlDrvMsgReadSpawnCtx)
                  2000aae4    000000e8     ir_sensor.obj (.text)
                  2000abcc    000000e4     rtsv7M4_T_le_eabi.lib : memory.c.obj (.text:free)
                  2000acb0    000000e4                           : memory.c.obj (.text:realloc)
                  2000ad94    000000e4     simplelink.a : netapp.obj (.text:sl_NetAppMDNSRegisterUnregisterService)
                  2000ae78    000000dc                  : driver.obj (.text:_SlDrvClassifyRxMsg)
                  2000af54    000000d8                  : netcfg.obj (.text:sl_NetCfgGet)
                  2000b02c    000000d0     rtsv7M4_T_le_eabi.lib : s_scalbn.c.obj (.text:scalbn)
                  2000b0fc    000000cc     simplelink.a : netapp.obj (.text:_sl_HandleAsync_DnsGetHostByService)
                  2000b1c8    000000cc                  : device.obj (.text:sl_DevGet)
                  2000b294    000000c4                  : driver.obj (.text:_SlRemoveFromList)
                  2000b358    000000c0                  : driver.obj (.text:_SlDrvCmdOp)
                  2000b418    000000b1     rtsv7M4_T_le_eabi.lib : _printfi.c.obj (.text:_ltostr)
                  2000b4c9    00000003     --HOLE-- [fill = 0]
                  2000b4cc    000000b0     simplelink.a : nonos.obj (.text:_SlNonOsSemGet)
                  2000b57c    000000a8     driverlib.a : interrupt.obj (.text:IntDisable)
                  2000b624    000000a8                 : interrupt.obj (.text:IntEnable)
                  2000b6cc    000000a4     simplelink.a : driver.obj (.text:_SlDriverHandleError)
                  2000b770    000000a0     driverlib.a : spi.obj (.text:SPIConfigSetExpClk)
                  2000b810    000000a0     simplelink.a : socket.obj (.text:sl_Recv)
                  2000b8b0    0000009c     rtsv7M4_T_le_eabi.lib : memcpy_t2.asm.obj (.text)
                  2000b94c    0000009a     simplelink.a : device.obj (.text:_SlDrvDeviceEventHandler)
                  2000b9e6    00000002     --HOLE-- [fill = 0]
                  2000b9e8    00000098                  : netcfg.obj (.text:sl_NetCfgSet)
                  2000ba80    00000098                  : wlan.obj (.text:sl_WlanSet)
                  2000bb18    00000098                  : cc_pal.obj (.text:spi_Write)
                  2000bbb0    00000096     rtsv7M4_T_le_eabi.lib : ull_div_t2.asm.obj (.text)
                  2000bc46    00000002     --HOLE-- [fill = 0]
                  2000bc48    00000094     driverlib.a : prcm.obj (.text:PRCMPeripheralClockGet)
                  2000bcdc    00000090     simplelink.a : netapp.obj (.text:_sl_HandleAsync_DnsGetHostByName)
                  2000bd6c    00000090                  : netapp.obj (.text:_sl_HandleAsync_PingResponse)
                  2000bdfc    00000090                  : wlan.obj (.text:sl_WlanPolicySet)
                  2000be8c    0000008c                  : cc_pal.obj (.text:SetupDMAReceive)
                  2000bf18    0000008c                  : cc_pal.obj (.text:SetupDMASend)
                  2000bfa4    0000008c                  : driver.obj (.text:_SlDrvIsTimeoutExpired)
                  2000c030    0000008c                  : device.obj (.text:_sl_HandleAsync_InitComplete)
                  2000c0bc    0000008c                  : socket.obj (.text:sl_Socket)
                  2000c148    00000088     driverlib.a : pin.obj (.text:PinConfigSet)
                  2000c1d0    00000086     rtsv7M4_T_le_eabi.lib : fd_cmp_t2.asm.obj (.text:__aeabi_cdcmple)
                  2000c256    00000086                           : fd_cmp_t2.asm.obj (.text:__aeabi_cdrcmple)
                  2000c2dc    00000084     driverlib.a : i2c.obj (.text:I2CMasterInitExpClk)
                  2000c360    00000084     simplelink.a : cc_pal.obj (.text:NwpPowerOnPreamble)
                  2000c3e4    00000084                  : wlan.obj (.text:sl_WlanRxFilterSet)
                  2000c468    00000080                  : socket.obj (.text:_sl_HandleAsync_Connect)
                  2000c4e8    00000080                  : cc_pal.obj (.text:spi_Read_CPU)
                  2000c568    00000080                  : cc_pal.obj (.text:spi_Write_CPU)
                  2000c5e8    0000007a     rtsv7M4_T_le_eabi.lib : memset_t2.asm.obj (.text)
                  2000c662    00000002     --HOLE-- [fill = 0]
                  2000c664    00000078     simplelink.a : cc_pal.obj (.text:spi_Close)
                  2000c6dc    00000076     driverlib.a : uart.obj (.text:UARTConfigSetExpClk)
                  2000c752    00000002     --HOLE-- [fill = 0]
                  2000c754    00000074     simplelink.a : nonos.obj (.text:_SlNonOsMainLoopTask)
                  2000c7c8    00000070     rtsv7M4_T_le_eabi.lib : memory.c.obj (.text:split)
                  2000c838    0000006e                           : _printfi.c.obj (.text:_mcpy)
                  2000c8a6    00000002     --HOLE-- [fill = 0]
                  2000c8a8    0000006c     simplelink.a : driver.obj (.text:_SlDrvCmdSend)
                  2000c914    0000006c                  : netapp.obj (.text:_sl_NetAppSendTokenValue)
                  2000c980    00000068     rtsv7M4_T_le_eabi.lib : copy_decompress_lzss.c.obj (.text:decompress:lzss:__TI_decompress_lzss)
                  2000c9e8    00000064     simplelink.a : nonos.obj (.text:_SlNonOsSpawn)
                  2000ca4c    00000064                  : socket.obj (.text:_sl_HandleAsync_Accept)
                  2000cab0    00000064                  : netapp.obj (.text:sl_NetAppMDNSUnRegisterService)
                  2000cb14    00000064     driverlib.a : udma.obj (.text:uDMAChannelAttributeDisable)
                  2000cb78    00000064                 : udma.obj (.text:uDMAChannelAttributeEnable)
                  2000cbdc    00000060     simplelink.a : socket.obj (.text:sl_Close)
                  2000cc3c    00000060                  : wlan.obj (.text:sl_WlanProfileDel)
                  2000cc9c    00000060                  : wlan.obj (.text:sl_WlanSetMode)
                  2000ccfc    0000005c     rtsv7M4_T_le_eabi.lib : s_frexp.c.obj (.text:frexp)
                  2000cd58    00000058     driverlib.a : interrupt.obj (.text:IntPendClear)
                  2000cdb0    00000058                 : prcm.obj (.text:PRCMPeripheralReset)
                  2000ce08    00000056     rtsv7M4_T_le_eabi.lib : _printfi.c.obj (.text:_pconv_f)
                  2000ce5e    00000002     --HOLE-- [fill = 0]
                  2000ce60    00000054     driverlib.a : interrupt.obj (.text:IntPrioritySet)
                  2000ceb4    00000054     simplelink.a : driver.obj (.text:_SlDrvRxIrqHandler)
                  2000cf08    00000054     rtsv7M4_T_le_eabi.lib : _ltoa.c.obj (.text:__TI_ltoa)
                  2000cf5c    00000054     simplelink.a : socket.obj (.text:_sl_HandleAsync_Select)
                  2000cfb0    00000052     rtsv7M4_T_le_eabi.lib : _printfi.c.obj (.text:_ecpy)
                  2000d002    00000002     --HOLE-- [fill = 0]
                  2000d004    00000050     simplelink.a : device.obj (.text:_sl_HandleAsync_Stop)
                  2000d054    0000004c     driverlib.a : spi.obj (.text:SPIIntEnable)
                  2000d0a0    0000004c                 : spi.obj (.text:SPIIntNumberGet)
                  2000d0ec    0000004c     simplelink.a : driver.obj (.text:_SlDrvProtectAsyncRespSetting)
                  2000d138    0000004c                  : socket.obj (.text:_sl_BuildAddress)
                  2000d184    0000004c     rtsv7M4_T_le_eabi.lib : atoi.c.obj (.text:atoi)
                  2000d1d0    0000004c                           : snprintf.c.obj (.text:snprintf)
                  2000d21c    0000004c     driverlib.a : udma.obj (.text:uDMAChannelAssign)
                  2000d268    00000048                 : spi.obj (.text:SPIIntClear)
                  2000d2b0    00000048     simplelink.a : driver.obj (.text:_SlDrvBasicCmd)
                  2000d2f8    00000048     rtsv7M4_T_le_eabi.lib : fd_toi_t2.asm.obj (.text)
                  2000d340    00000044     driverlib.a : spi.obj (.text:SPIDmaMaskGet)
                  2000d384    00000044                 : timer.obj (.text:TimerConfigure)
                  2000d3c8    00000044     simplelink.a : driver.obj (.text:_SlDrvHandleHttpServerEvents)
                  2000d40c    00000044                  : driver.obj (.text:_SlDrvSyncObjWaitTimeout)
                  2000d450    00000044     rtsv7M4_T_le_eabi.lib : autoinit.c.obj (.text:__TI_auto_init_nobinit_nopinit:__TI_auto_init_nobinit_nopinit)
                  2000d494    00000044     simplelink.a : cc_pal.obj (.text:cc_SetupTransfer)
                  2000d4d8    00000042                  : socket.obj (.text:sl_Htonl)
                  2000d51a    00000002     --HOLE-- [fill = 0]
                  2000d51c    00000040     driverlib.a : pin.obj (.text:PinModeSet)
                  2000d55c    00000040     simplelink.a : driver.obj (.text:_SlDrvHandleNetAppEvents)
                  2000d59c    00000040                  : driver.obj (.text:_SlDrvHandleWlanEvents)
                  2000d5dc    00000040                  : socket.obj (.text:_sl_TruncatePayloadByProtocol)
                  2000d61c    00000040     rtsv7M4_T_le_eabi.lib : vsnprintf.c.obj (.text:vsnprintf)
                  2000d65c    0000003e     simplelink.a : cc_pal.obj (.text:NwpRegisterInterruptHandler)
                  2000d69a    0000003e     rtsv7M4_T_le_eabi.lib : _printfi.c.obj (.text:_fcpy)
                  2000d6d8    0000003c     simplelink.a : netapp.obj (.text:CopyPingResultsToReport)
                  2000d714    0000003c     driverlib.a : prcm.obj (.text:PRCMPeripheralClkEnable)
                  2000d750    0000003c     simplelink.a : cc_pal.obj (.text:simplelink_timerA2_start)
                  2000d78c    0000003c                  : socket.obj (.text:sl_Htons)
                  2000d7c8    0000003c     driverlib.a : udma.obj (.text:uDMAChannelControlSet)
                  2000d804    00000038     simplelink.a : cc_pal.obj (.text:NwpPowerOff)
                  2000d83c    00000038                  : wlan.obj (.text:sl_WlanDisconnect)
                  2000d874    00000036     driverlib.a : gpio.obj (.text:GPIODirModeSet)
                  2000d8aa    00000036     rtsv7M4_T_le_eabi.lib : strncpy.c.obj (.text:strncpy)
                  2000d8e0    00000034     simplelink.a : cc_pal.obj (.text:NwpPowerOn)
                  2000d914    00000034     driverlib.a : prcm.obj (.text:PRCMPeripheralStatusGet)
                  2000d948    00000034                 : spi.obj (.text:SPIFIFOLevelSet)
                  2000d97c    00000034     rtsv7M4_T_le_eabi.lib : strstr.c.obj (.text:strstr)
                  2000d9b0    00000030     driverlib.a : pin.obj (.text:PinTypeGPIO)
                  2000d9e0    00000030                 : uart.obj (.text:UARTDisable)
                  2000da10    00000030     rtsv7M4_T_le_eabi.lib : snprintf.c.obj (.text:_outs)
                  2000da40    00000030                           : vsnprintf.c.obj (.text:_outs)
                  2000da70    0000002e                           : i_tofd_t2.asm.obj (.text)
                  2000da9e    0000002c     driverlib.a : i2c.obj (.text:I2CMasterErr)
                  2000daca    00000002     --HOLE-- [fill = 0]
                  2000dacc    0000002c                 : prcm.obj (.text:PRCMSysResetCauseGet)
                  2000daf8    0000002c     simplelink.a : driver.obj (.text:_SlDrvObjGlobalLockWaitForever)
                  2000db24    0000002c                  : driver.obj (.text:_SlDrvProtectionObjLockWaitForever)
                  2000db50    0000002a     driverlib.a : timer.obj (.text:TimerLoadSet)
                  2000db7a    0000002a                 : timer.obj (.text:TimerPrescaleSet)
                  2000dba4    00000028                 : prcm.obj (.text:PRCMPeripheralClkDisable)
                  2000dbcc    00000028     simplelink.a : driver.obj (.text:_SlDrvGlobalObjUnLock)
                  2000dbf4    00000028                  : driver.obj (.text:_SlDrvProtectionObjUnLock)
                  2000dc1c    00000028                  : driver.obj (.text:_SlDrvSyncObjWaitForever)
                  2000dc44    00000028     rtsv7M4_T_le_eabi.lib : memory.c.obj (.text:free_list_insert)
                  2000dc6c    00000028                           : memmov.c.obj (.text:memmove)
                  2000dc94    00000026     simplelink.a : driver.obj (.text:_SlDrvObjLockWaitForever)
                  2000dcba    00000026     network_common.obj (.text)
                  2000dce0    00000024     simplelink.a : cc_pal.obj (.text:DmaSpiSwIntHandler)
                  2000dd04    00000024     driverlib.a : interrupt.obj (.text:IntUnregister)
                  2000dd28    00000024                 : uart.obj (.text:UARTEnable)
                  2000dd4c    00000024     rtsv7M4_T_le_eabi.lib : boot_cortex_m.c.obj (.text:_c_int00_noargs:_c_int00_noargs)
                  2000dd70    00000022     driverlib.a : i2c.obj (.text:I2CMasterSlaveAddrSet)
                  2000dd92    00000022                 : spi.obj (.text:SPIReset)
                  2000ddb4    00000022                 : spi.obj (.text:SPIWordCountSet)
                  2000ddd6    00000020                 : gpio.obj (.text:GPIOPinWrite)
                  2000ddf6    00000002     --HOLE-- [fill = 0]
                  2000ddf8    00000020                 : interrupt.obj (.text:IntRegister)
                  2000de18    00000020     simplelink.a : cc_pal.obj (.text:NwpPrePowerOffTimout0)
                  2000de38    00000020     driverlib.a : spi.obj (.text:SPIDataGet)
                  2000de58    00000020     simplelink.a : cc_pal.obj (.text:TimerGetCurrentTimestamp)
                  2000de78    00000020                  : driver.obj (.text:_SlDrvObjUnLock)
                  2000de98    00000020                  : driver.obj (.text:_SlDrvSyncObjSignal)
                  2000deb8    0000001e     driverlib.a : i2c.obj (.text:I2CMasterIntStatusEx)
                  2000ded6    0000001e                 : spi.obj (.text:SPIDataPut)
                  2000def4    0000001e                 : timer.obj (.text:TimerEnable)
                  2000df12    0000001e                 : uart.obj (.text:UARTCharPut)
                  2000df30    0000001e     simplelink.a : cc_pal.obj (.text:cc_UDMAChannelSelect)
                  2000df4e    0000001c     driverlib.a : pin.obj (.text:PinTypeI2C)
                  2000df6a    0000001c                 : timer.obj (.text:TimerValueGet)
                  2000df86    0000001c                 : uart.obj (.text:UARTCharGetNonBlocking)
                  2000dfa2    0000001c     simplelink.a : driver.obj (.text:_SlDrvStartMeasureTimeout)
                  2000dfbe    0000001c     rtsv7M4_T_le_eabi.lib : copy_zero_init.c.obj (.text:decompress:ZI:__TI_zero_init_nomemset:__TI_zero_init_nomemset)
                  2000dfda    00000002     --HOLE-- [fill = 0]
                  2000dfdc    0000001c                           : memory.c.obj (.text:free_list_remove)
                  2000dff8    0000001c                           : memccpy.c.obj (.text:memccpy)
                  2000e014    0000001c     driverlib.a : udma.obj (.text:uDMAChannelEnable)
                  2000e030    0000001a                 : pin.obj (.text:PinTypeSPI)
                  2000e04a    0000001a                 : pin.obj (.text:PinTypeUART)
                  2000e064    0000001a                 : spi.obj (.text:SPIDmaDisable)
                  2000e07e    0000001a                 : spi.obj (.text:SPIDmaEnable)
                  2000e098    0000001a                 : spi.obj (.text:SPIFIFODisable)
                  2000e0b2    0000001a                 : spi.obj (.text:SPIFIFOEnable)
                  2000e0cc    0000001a                 : spi.obj (.text:SPIIntUnregister)
                  2000e0e6    00000018                 : gpio.obj (.text:GPIOPinRead)
                  2000e0fe    00000018                 : i2c.obj (.text:I2CMasterIntEnableEx)
                  2000e116    00000018                 : spi.obj (.text:SPICSDisable)
                  2000e12e    00000018                 : spi.obj (.text:SPICSEnable)
                  2000e146    00000018                 : spi.obj (.text:SPIDisable)
                  2000e15e    00000018                 : spi.obj (.text:SPIEnable)
                  2000e176    00000018                 : timer.obj (.text:TimerIntEnable)
                  2000e18e    00000018                 : uart.obj (.text:UARTCharsAvail)
                  2000e1a6    00000018     simplelink.a : nonos.obj (.text:_SlNonOsSemSet)
                  2000e1be    00000018     rtsv7M4_T_le_eabi.lib : snprintf.c.obj (.text:_outc)
                  2000e1d6    00000018                           : vsnprintf.c.obj (.text:_outc)
                  2000e1ee    00000002     --HOLE-- [fill = 0]
                  2000e1f0    00000018     simplelink.a : device.obj (.text:_sl_GetStartResponseConvert)
                  2000e208    00000016     driverlib.a : i2c.obj (.text:I2CMasterDataPut)
                  2000e21e    00000016                 : i2c.obj (.text:I2CMasterEnable)
                  2000e234    00000016                 : prcm.obj (.text:PRCMHIBRegRead)
                  2000e24a    00000016                 : prcm.obj (.text:PRCMHIBRegWrite)
                  2000e260    00000016     simplelink.a : driver.obj (.text:_SlDrvMemZero)
                  2000e276    00000016     rtsv7M4_T_le_eabi.lib : strchr.c.obj (.text:strchr)
                  2000e28c    00000014     driverlib.a : cpu.obj (.text:CPUcpsid)
                  2000e2a0    00000014                 : cpu.obj (.text:CPUcpsie)
                  2000e2b4    00000014     rtsv7M4_T_le_eabi.lib : strlen.c.obj (.text:strlen)
                  2000e2c8    00000012     driverlib.a : i2c.obj (.text:I2CMasterControl)
                  2000e2da    00000012                 : i2c.obj (.text:I2CMasterIntClearEx)
                  2000e2ec    00000012                 : i2c.obj (.text:I2CMasterTimeoutSet)
                  2000e2fe    00000012                 : timer.obj (.text:TimerIntClear)
                  2000e310    00000012     rtsv7M4_T_le_eabi.lib : wcslen.c.obj (.text:wcslen)
                  2000e322    00000010     simplelink.a : driver.obj (.text:_SlDrvDispatchHttpServerEvents)
                  2000e332    0000000e     driverlib.a : i2c.obj (.text:I2CMasterDataGet)
                  2000e340    0000000e     simplelink.a : driver.obj (.text:_SlDrvResetCmdExt)
                  2000e34e    0000000e     rtsv7M4_T_le_eabi.lib : copy_decompress_none.c.obj (.text:decompress:none:__TI_decompress_none)
                  2000e35c    0000000e     startup_ccs.obj (.text)
                  2000e36a    00000002     --HOLE-- [fill = 0]
                  2000e36c    0000000c     simplelink.a : cc_pal.obj (.text:NwpMaskInterrupt)
                  2000e378    0000000c                  : cc_pal.obj (.text:NwpUnMaskInterrupt)
                  2000e384    0000000c     rtsv7M4_T_le_eabi.lib : s_copysign.c.obj (.text:copysign)
                  2000e390    0000000a     driverlib.a : interrupt.obj (.text:IntMasterDisable)
                  2000e39a    0000000a                 : interrupt.obj (.text:IntMasterEnable)
                  2000e3a4    00000008     rtsv7M4_T_le_eabi.lib : errno.c.obj (.text:__aeabi_errno_addr)
                  2000e3ac    00000008                           : memory.c.obj (.text:malloc)
                  2000e3b4    00000006     driverlib.a : utils.obj (.text:UtilsDelay)
                  2000e3ba    00000004     rtsv7M4_T_le_eabi.lib : pre_init.c.obj (.text:_system_pre_init)
                  2000e3be    00000004                           : exit.c.obj (.text:abort:abort)

.const     0    2000e3c4    000007d4     
                  2000e3c4    000001c7     oled.obj (.const:font6x8)
                  2000e58b    00000101     rtsv7M4_T_le_eabi.lib : ctype.c.obj (.const:.string:_ctypes_)
                  2000e68c    00000100     driverlib.a : pin.obj (.const:g_ulPinToPadMap)
                  2000e78c    000000d4                 : interrupt.obj (.const:g_pulRegs)
                  2000e860    000000a8                 : prcm.obj (.const:PRCM_PeriphRegsList)
                  2000e908    0000003c     simplelink.a : driver.obj (.const:OpcodeTranslateTable)
                  2000e944    00000038                  : driver.obj (.const:_SlActionLookupTable)
                  2000e97c    0000002c     network_if.obj (.const:$P$T1$2)
                  2000e9a8    00000024     driverlib.a : spi.obj (.const:g_ppulSPIIntMap)
                  2000e9cc    00000022     network_if.obj (.const:.string:$P$T0$1)
                  2000e9ee    00000002     --HOLE-- [fill = 0]
                  2000e9f0    00000020     simplelink.a : driver.obj (.const:RxMsgClassLUT)
                  2000ea10    00000018     driverlib.a : interrupt.obj (.const:g_pulDisRegs)
                  2000ea28    00000018                 : interrupt.obj (.const:g_pulEnRegs)
                  2000ea40    00000018                 : interrupt.obj (.const:g_pulUnpendRegs)
                  2000ea58    00000018                 : spi.obj (.const:g_ulSPIDmaMaskMap)
                  2000ea70    00000017     network_if.obj (.const:.string:$P$T5$6)
                  2000ea87    00000016     network_if.obj (.const:.string:$P$T3$4)
                  2000ea9d    00000015     network_if.obj (.const:.string:$P$T4$5)
                  2000eab2    00000015     network_if.obj (.const:.string:$P$T7$8)
                  2000eac7    00000001     --HOLE-- [fill = 0]
                  2000eac8    00000014     simplelink.a : driver.obj (.const:$P$T0$1)
                  2000eadc    00000014                  : nonos.obj (.const:$P$T0$1)
                  2000eaf0    00000014     network_if.obj (.const:$P$T2$3)
                  2000eb04    00000010     network_if.obj (.const:$P$T6$7)
                  2000eb14    00000010     simplelink.a : socket.obj (.const:.string:_SlPayloadByProtocolLUT)
                  2000eb24    0000000b     network_if.obj (.const:.string:pcDigits)
                  2000eb2f    00000008     simplelink.a : device.obj (.const:StartResponseLUT)
                  2000eb37    00000001     --HOLE-- [fill = 0]
                  2000eb38    00000008                  : driver.obj (.const:g_H2NCnysPattern)
                  2000eb40    00000008                  : driver.obj (.const:g_H2NSyncPattern)
                  2000eb48    00000004                  : wlan.obj (.const:$P$T0$1)
                  2000eb4c    00000004                  : socket.obj (.const:$P$T2$3)
                  2000eb50    00000004                  : device.obj (.const:_SlDeviceGetCmdCtrl)
                  2000eb54    00000004                  : netapp.obj (.const:_SlGetHostByNameCtrl)
                  2000eb58    00000004                  : netapp.obj (.const:_SlNetAppSendTokenValueCmdCtrl)
                  2000eb5c    00000004                  : netcfg.obj (.const:_SlNetCfgGetCmdCtrl)
                  2000eb60    00000004                  : netcfg.obj (.const:_SlNetCfgSetCmdCtrl)
                  2000eb64    00000004                  : wlan.obj (.const:_SlPolicySetCmdCtrl)
                  2000eb68    00000004                  : wlan.obj (.const:_SlProfileDelCmdCtrl)
                  2000eb6c    00000004                  : socket.obj (.const:_SlRecvCmdCtrl)
                  2000eb70    00000004                  : netapp.obj (.const:_SlRegisterServiceCtrl)
                  2000eb74    00000004                  : wlan.obj (.const:_SlRxFilterSetCmdCtrl)
                  2000eb78    00000004                  : socket.obj (.const:_SlSendCmdCtrl)
                  2000eb7c    00000004                  : socket.obj (.const:_SlSockCloseCmdCtrl)
                  2000eb80    00000004                  : socket.obj (.const:_SlSockSocketCmdCtrl)
                  2000eb84    00000004                  : device.obj (.const:_SlStopCmdCtrl)
                  2000eb88    00000004                  : wlan.obj (.const:_SlWlanCfgSetCmdCtrl)
                  2000eb8c    00000004                  : wlan.obj (.const:_SlWlanSetModeCmdCtrl)
                  2000eb90    00000004                  : driver.obj (.const:httpServer_callbacks)
                  2000eb94    00000004                  : driver.obj (.const:netApp_callbacks)

.cinit     0    2000eb98    00000050     
                  2000eb98    00000025     (.cinit..data.load) [load image, compression = lzss]
                  2000ebbd    00000003     --HOLE-- [fill = 0]
                  2000ebc0    0000000c     (__TI_handler_table)
                  2000ebcc    00000004     --HOLE-- [fill = 0]
                  2000ebd0    00000008     (.cinit..bss.load) [load image, compression = zero_init]
                  2000ebd8    00000010     (__TI_cinit_table)

.sysmem    0    20017000    00008000     UNINITIALIZED
                  20017000    00000010     rtsv7M4_T_le_eabi.lib : memory.c.obj (.sysmem)
                  20017010    00007ff0     --HOLE--

.bss       0    2001f000    000001ed     UNINITIALIZED
                  2001f000    00000168     simplelink.a : driver.obj (.bss:g_StatMem)
                  2001f168    00000050     (.common:g_ucDinDout)
                  2001f1b8    00000024     (.common:g_ucConnectionSSID)
                  2001f1dc    00000008     (.common:g_ucConnectionBSSID)
                  2001f1e4    00000004     uart_if.obj (.bss)
                  2001f1e8    00000002     (.common:g_usConnectIndex)
                  2001f1ea    00000001     (.common:RxIrqCnt)
                  2001f1eb    00000001     (.common:g_bDeviceRestartIsRequired)
                  2001f1ec    00000001     (.common:g_cDummy)

.data      0    2001f1f0    000000a4     UNINITIALIZED
                  2001f1f0    0000003c     simplelink.a : nonos.obj (.data:g__SlNonOsCB)
                  2001f22c    00000010     main.obj (.data)
                  2001f23c    0000000d     simplelink.a : driver.obj (.data)
                  2001f249    00000001     wifi_upload.obj (.data)
                  2001f24a    00000002     --HOLE--
                  2001f24c    0000000c     accelerometer.obj (.data)
                  2001f258    0000000c     network_if.obj (.data)
                  2001f264    00000009     ir_sensor.obj (.data)
                  2001f26d    00000003     --HOLE--
                  2001f270    00000009     simplelink.a : cc_pal.obj (.data)
                  2001f279    00000003     --HOLE--
                  2001f27c    00000008     rtsv7M4_T_le_eabi.lib : _lock.c.obj (.data:$O1$$)
                  2001f284    00000008                           : memory.c.obj (.data:$O1$$)
                  2001f28c    00000004                           : errno.c.obj (.data)
                  2001f290    00000004     simplelink.a : driver.obj (.data:wlan_callbacks)

.stack     0    2002f000    00001000     UNINITIALIZED
                  2002f000    00000004     rtsv7M4_T_le_eabi.lib : boot_cortex_m.c.obj (.stack)
                  2002f004    00000ffc     --HOLE--

__llvm_prf_cnts 
*          0    20017000    00000000     UNINITIALIZED

MODULE SUMMARY

       Module                       code    ro data   rw data
       ------                       ----    -------   -------
    .\
       network_if.obj               4808    212       58     
       main.obj                     2012    0         16     
       oled.obj                     1156    455       0      
       wifi_upload.obj              1106    0         1      
       startup_ccs.obj              14      1024      0      
       i2c_if.obj                   692     0         0      
       uart_if.obj                  636     0         4      
       accelerometer.obj            496     0         12     
       pin_mux_config.obj           260     0         0      
       ir_sensor.obj                232     0         9      
       network_common.obj           38      0         0      
    +--+----------------------------+-------+---------+---------+
       Total:                       11450   1691      100    
                                                             
    C:/TI/CC3200SDK_1.4.0/cc3200-sdk/driverlib/ccs/Release/driverlib.a
       prcm.obj                     852     168       0      
       spi.obj                      860     60        0      
       interrupt.obj                598     284       0      
       udma.obj                     604     0         0      
       pin.obj                      328     256       0      
       i2c.obj                      376     0         0      
       uart.obj                     284     0         0      
       timer.obj                    252     0         0      
       gpio.obj                     110     0         0      
       cpu.obj                      40      0         0      
       utils.obj                    6       0         0      
    +--+----------------------------+-------+---------+---------+
       Total:                       4310    768       0      
                                                             
    C:/TI/CC3200SDK_1.4.0/cc3200-sdk/simplelink/ccs/NON_OS_debug/simplelink.a
       driver.obj                   7906    192       379    
       cc_pal.obj                   1960    0         90     
       socket.obj                   1678    36        0      
       netapp.obj                   1572    12        0      
       wlan.obj                     1316    24        0      
       device.obj                   1082    16        0      
       nonos.obj                    416     20        60     
       netcfg.obj                   368     8         0      
    +--+----------------------------+-------+---------+---------+
       Total:                       16298   308       529    
                                                             
    C:\TI\ccs1040\ccs\tools\compiler\ti-cgt-arm_20.2.5.LTS\lib\rtsv7M4_T_le_eabi.lib
       _printfi.c.obj               4835    0         0      
       memory.c.obj                 900     0         8      
       fd_add_t2.asm.obj            438     0         0      
       fd_div_t2.asm.obj            310     0         0      
       fd_cmp_t2.asm.obj            268     0         0      
       ctype.c.obj                  0       257       0      
       fd_mul_t2.asm.obj            252     0         0      
       s_scalbn.c.obj               208     0         0      
       memcpy_t2.asm.obj            156     0         0      
       ull_div_t2.asm.obj           150     0         0      
       snprintf.c.obj               148     0         0      
       vsnprintf.c.obj              136     0         0      
       memset_t2.asm.obj            122     0         0      
       copy_decompress_lzss.c.obj   104     0         0      
       s_frexp.c.obj                92      0         0      
       _ltoa.c.obj                  84      0         0      
       atoi.c.obj                   76      0         0      
       fd_toi_t2.asm.obj            72      0         0      
       autoinit.c.obj               68      0         0      
       strncpy.c.obj                54      0         0      
       strstr.c.obj                 52      0         0      
       i_tofd_t2.asm.obj            46      0         0      
       memmov.c.obj                 40      0         0      
       boot_cortex_m.c.obj          36      0         0      
       copy_zero_init.c.obj         28      0         0      
       memccpy.c.obj                28      0         0      
       strchr.c.obj                 22      0         0      
       strlen.c.obj                 20      0         0      
       wcslen.c.obj                 18      0         0      
       copy_decompress_none.c.obj   14      0         0      
       errno.c.obj                  8       0         4      
       s_copysign.c.obj             12      0         0      
       _lock.c.obj                  2       0         8      
       exit.c.obj                   4       0         0      
       pre_init.c.obj               4       0         0      
       div0.asm.obj                 2       0         0      
    +--+----------------------------+-------+---------+---------+
       Total:                       8809    257       20     
                                                             
       Heap:                        0       0         32768  
       Stack:                       0       0         4096   
       Linker Generated:            0       73        0      
    +--+----------------------------+-------+---------+---------+
       Grand Total:                 40867   3097      37513  


LINKER GENERATED COPY TABLES

__TI_cinit_table @ 2000ebd8 records: 2, size/record: 8, table size: 16
	.data: load addr=2000eb98, load size=00000025 bytes, run addr=2001f1f0, run size=000000a4 bytes, compression=lzss
	.bss: load addr=2000ebd0, load size=00000008 bytes, run addr=2001f000, run size=000001ed bytes, compression=zero_init


LINKER GENERATED HANDLER TABLE

__TI_handler_table @ 2000ebc0 records: 3, size/record: 4, table size: 12
	index: 0, handler: __TI_decompress_lzss
	index: 1, handler: __TI_decompress_none
	index: 2, handler: __TI_zero_init


GLOBAL SYMBOLS: SORTED ALPHABETICALLY BY Name 

address   name                                  
-------   ----                                  
2000857d  Accel_GetStepCount                    
200083bd  Accel_Init                            
200084bf  Accel_ProcessStep                     
20008445  Accel_ReadRaw                         
20008583  Accel_ResetStepCount                  
2000e3bf  C$$EXIT                               
2000e28d  CPUcpsid                              
2000e2a1  CPUcpsie                              
20007cd1  ClearTerm                             
20004b25  ConfigureSimpleLinkToDefaultState     
2000dce1  DmaSpiSwIntHandler                    
20007cdb  Error                                 
2000d875  GPIODirModeSet                        
2000e0e7  GPIOPinRead                           
2000ddd7  GPIOPinWrite                          
20007d13  GetCmd                                
2000e2c9  I2CMasterControl                      
2000e333  I2CMasterDataGet                      
2000e209  I2CMasterDataPut                      
2000e21f  I2CMasterEnable                       
2000da9f  I2CMasterErr                          
2000c2dd  I2CMasterInitExpClk                   
2000e2db  I2CMasterIntClearEx                   
2000e0ff  I2CMasterIntEnableEx                  
2000deb9  I2CMasterIntStatusEx                  
2000dd71  I2CMasterSlaveAddrSet                 
2000e2ed  I2CMasterTimeoutSet                   
200079fb  I2C_IF_Close                          
20007995  I2C_IF_Open                           
20007893  I2C_IF_Read                           
2000794f  I2C_IF_ReadFrom                       
200077e3  I2C_IF_Write                          
2000aba3  IR_GetRepCount                        
2000aae5  IR_Init                               
2000ab19  IR_ProcessRep                         
2000aaf9  IR_Read                               
2000aba9  IR_ResetRepCount                      
20007c91  InitTerm                              
20004aeb  InitializeAppVariables                
2000b57d  IntDisable                            
2000b625  IntEnable                             
2000e391  IntMasterDisable                      
2000e39b  IntMasterEnable                       
2000cd59  IntPendClear                          
2000ce61  IntPrioritySet                        
2000ddf9  IntRegister                           
2000dd05  IntUnregister                         
20007caf  Message                               
200051c9  Network_IF_ConnectAP                  
200054cd  Network_IF_CurrentMCUState            
20005029  Network_IF_DeInitDriver               
200053af  Network_IF_DisconnectFromAP           
20005459  Network_IF_GetHostIP                  
20004ec5  Network_IF_InitDriver                 
200053e5  Network_IF_IpConfigGet                
200054c5  Network_IF_ResetMCUStateMachine       
200054d3  Network_IF_SetMCUMachineState         
200054ef  Network_IF_UnsetMCUMachineState       
2000e36d  NwpMaskInterrupt                      
2000d805  NwpPowerOff                           
2000d8e1  NwpPowerOn                            
2000c361  NwpPowerOnPreamble                    
2000de19  NwpPrePowerOffTimout0                 
2000d65d  NwpRegisterInterruptHandler           
2000e379  NwpUnMaskInterrupt                    
200070d3  OLED_DrawChar                         
2000727d  OLED_DrawRect                         
200071db  OLED_DrawString                       
20007075  OLED_FillScreen                       
20006ee7  OLED_Init                             
20007229  OLED_Printf                           
2000e908  OpcodeTranslateTable                  
20009351  PRCMCC3200MCUInit                     
2000e235  PRCMHIBRegRead                        
2000e24b  PRCMHIBRegWrite                       
2000dba5  PRCMPeripheralClkDisable              
2000d715  PRCMPeripheralClkEnable               
2000bc49  PRCMPeripheralClockGet                
2000cdb1  PRCMPeripheralReset                   
2000d915  PRCMPeripheralStatusGet               
2000dacd  PRCMSysResetCauseGet                  
2000c149  PinConfigSet                          
2000d51d  PinModeSet                            
2000a255  PinMuxConfig                          
2000d9b1  PinTypeGPIO                           
2000df4f  PinTypeI2C                            
2000e031  PinTypeSPI                            
2000e04b  PinTypeUART                           
20007e51  Report                                
2000e35d  ResetISR                              
2001f1ea  RxIrqCnt                              
2000e117  SPICSDisable                          
2000e12f  SPICSEnable                           
2000b771  SPIConfigSetExpClk                    
2000de39  SPIDataGet                            
2000ded7  SPIDataPut                            
2000e147  SPIDisable                            
2000e065  SPIDmaDisable                         
2000e07f  SPIDmaEnable                          
2000e15f  SPIEnable                             
2000e099  SPIFIFODisable                        
2000e0b3  SPIFIFOEnable                         
2000d949  SPIFIFOLevelSet                       
2000d269  SPIIntClear                           
2000d055  SPIIntEnable                          
2000e0cd  SPIIntUnregister                      
2000dd93  SPIReset                              
2000ddb5  SPIWordCountSet                       
2000463d  SimpleLinkGeneralEventHandler         
20004711  SimpleLinkHttpServerCallback          
200045c5  SimpleLinkNetAppEventHandler          
2000465d  SimpleLinkSockEventHandler            
20004401  SimpleLinkWlanEventHandler            
20006119  TimerA0ISR                            
2000d385  TimerConfigure                        
2000def5  TimerEnable                           
2000de59  TimerGetCurrentTimestamp              
2000e2ff  TimerIntClear                         
2000e177  TimerIntEnable                        
2000db51  TimerLoadSet                          
2000db7b  TimerPrescaleSet                      
2000df6b  TimerValueGet                         
20007db9  TrimSpace                             
2000df87  UARTCharGetNonBlocking                
2000df13  UARTCharPut                           
2000e18f  UARTCharsAvail                        
2000c6dd  UARTConfigSetExpClk                   
2000d9e1  UARTDisable                           
2000dd29  UARTEnable                            
2000e3b5  UtilsDelay                            
20007309  WiFi_Connect                          
20007579  WiFi_IsConnected                      
2000741d  WiFi_UploadWorkout                    
2000e944  _SlActionLookupTable                  
2000b6cd  _SlDriverHandleError                  
2000d2b1  _SlDrvBasicCmd                        
2000b359  _SlDrvCmdOp                           
2000c8a9  _SlDrvCmdSend                         
200085ad  _SlDrvDataReadOp                      
20009639  _SlDrvDataWriteOp                     
2000b94d  _SlDrvDeviceEventHandler              
2000e323  _SlDrvDispatchHttpServerEvents        
20009f01  _SlDrvDriverCBDeinit                  
20008ce5  _SlDrvDriverCBInit                    
2000dbcd  _SlDrvGlobalObjUnLock                 
2000d3c9  _SlDrvHandleHttpServerEvents          
2000d55d  _SlDrvHandleNetAppEvents              
2000d59d  _SlDrvHandleWlanEvents                
2000bfa5  _SlDrvIsTimeoutExpired                
2000e261  _SlDrvMemZero                         
2000a9fd  _SlDrvMsgReadSpawnCtx                 
2000a151  _SlDrvNetAppEventHandler              
2000dc95  _SlDrvObjLockWaitForever              
2000de79  _SlDrvObjUnLock                       
2000d0ed  _SlDrvProtectAsyncRespSetting         
2000db25  _SlDrvProtectionObjLockWaitForever    
2000dbf5  _SlDrvProtectionObjUnLock             
20008791  _SlDrvReleasePoolObj                  
2000e341  _SlDrvResetCmdExt                     
2000ceb5  _SlDrvRxIrqHandler                    
2000dfa3  _SlDrvStartMeasureTimeout             
2000de99  _SlDrvSyncObjSignal                   
2000dc1d  _SlDrvSyncObjWaitForever              
2000d40d  _SlDrvSyncObjWaitTimeout              
20009035  _SlDrvWaitForPoolObj                  
2000eb58  _SlNetAppSendTokenValueCmdCtrl        
2000c755  _SlNonOsMainLoopTask                  
2000b4cd  _SlNonOsSemGet                        
2000e1a7  _SlNonOsSemSet                        
2000c9e9  _SlNonOsSpawn                         
20030000  __STACK_END                           
00001000  __STACK_SIZE                          
00008000  __SYSMEM_SIZE                         
2000ebd8  __TI_CINIT_Base                       
2000ebe8  __TI_CINIT_Limit                      
2000ebc0  __TI_Handler_Table_Base               
2000ebcc  __TI_Handler_Table_Limit              
2000d451  __TI_auto_init_nobinit_nopinit        
2000c981  __TI_decompress_lzss                  
2000e34f  __TI_decompress_none                  
2000cf09  __TI_ltoa                             
ffffffff  __TI_pprof_out_hndl                   
200056c9  __TI_printfi                          
ffffffff  __TI_prof_data_size                   
ffffffff  __TI_prof_data_start                  
2000eb98  __TI_static_base__                    
2000dfbf  __TI_zero_init_nomemset               
2000c1d1  __aeabi_cdcmpeq                       
2000c1d1  __aeabi_cdcmple                       
2000c257  __aeabi_cdrcmple                      
2000d2f9  __aeabi_d2iz                          
20008b37  __aeabi_dadd                          
20009c95  __aeabi_ddiv                          
2000a459  __aeabi_dmul                          
20008b2d  __aeabi_dsub                          
2000e3a5  __aeabi_errno_addr                    
2000da71  __aeabi_i2d                           
20008ce3  __aeabi_idiv0                         
20008ce3  __aeabi_ldiv0                         
2000c5e9  __aeabi_memclr                        
2000c5e9  __aeabi_memclr4                       
2000c5e9  __aeabi_memclr8                       
2000b8b1  __aeabi_memcpy                        
2000b8b1  __aeabi_memcpy4                       
2000b8b1  __aeabi_memcpy8                       
2000c5eb  __aeabi_memset                        
2000c5eb  __aeabi_memset4                       
2000c5eb  __aeabi_memset8                       
2000bbb1  __aeabi_uldivmod                      
ffffffff  __binit__                             
ffffffff  __c_args__                            
UNDEFED   __mpu_init                            
2002f000  __stack                               
20017000  __start___llvm_prf_cnts               
20017000  __stop___llvm_prf_cnts                
2000dd4d  _c_int00_noargs                       
2000e58b  _ctypes_                              
2001f27c  _lock                                 
2000775b  _nop                                  
2000ca4d  _sl_HandleAsync_Accept                
2000c469  _sl_HandleAsync_Connect               
2000bcdd  _sl_HandleAsync_DnsGetHostByName      
2000b0fd  _sl_HandleAsync_DnsGetHostByService   
2000c031  _sl_HandleAsync_InitComplete          
2000bd6d  _sl_HandleAsync_PingResponse          
2000cf5d  _sl_HandleAsync_Select                
2000d005  _sl_HandleAsync_Stop                  
2000c915  _sl_NetAppSendTokenValue              
20017000  _sys_memory                           
UNDEFED   _system_post_cinit                    
2000e3bb  _system_pre_init                      
2001f280  _unlock                               
2000e3bf  abort                                 
2000a359  aligned_alloc                         
2000d185  atoi                                  
ffffffff  binit                                 
2000e385  copysign                              
2000e385  copysignl                             
2001f28c  errno                                 
2000abcd  free                                  
2000ccfd  frexp                                 
2000ccfd  frexpl                                
2001f23c  g_SlDeviceStatus                      
2001f270  g_SpiFd                               
2001f1f0  g__SlNonOsCB                          
2001f1eb  g_bDeviceRestartIsRequired            
2001f1ec  g_cDummy                              
2001f240  g_pCB                                 
2001f274  g_pHostIntHdl                         
20004000  g_pfnVectors                          
2001f1dc  g_ucConnectionBSSID                   
2001f1b8  g_ucConnectionSSID                    
2001f278  g_ucDMAEnabled                        
2001f168  g_ucDinDout                           
2001f260  g_ulGatewayIP                         
2001f25c  g_ulStaIp                             
2001f258  g_ulStatus                            
2001f1e8  g_usConnectIndex                      
20005589  itoa                                  
2000b02d  ldexp                                 
2000b02d  ldexpl                                
200065ed  main                                  
2000e3ad  malloc                                
2000a359  memalign                              
2000dff9  memccpy                               
2000b8b1  memcpy                                
2000dc6d  memmove                               
2000c5f1  memset                                
2001f244  pPingCallBackFunc                     
2000eb24  pcDigits                              
2000acb1  realloc                               
2000b02d  scalbn                                
2000b02d  scalbnl                               
2000d751  simplelink_timerA2_start              
2000cbdd  sl_Close                              
200091c5  sl_Connect                            
2000b1c9  sl_DevGet                             
2000d4d9  sl_Htonl                              
2000d78d  sl_Htons                              
20009a15  sl_NetAppDnsGetHostByName             
2000ad95  sl_NetAppMDNSRegisterUnregisterService
2000cab1  sl_NetAppMDNSUnRegisterService        
2000af55  sl_NetCfgGet                          
2000b9e9  sl_NetCfgSet                          
2000dcbb  sl_Provisioning_HttpServerEventHdl    
2000dcc9  sl_Provisioning_NetAppEventHdl        
2000dcd5  sl_Provisioning_WlanEventHdl          
2000b811  sl_Recv                               
20009dcd  sl_Send                               
2000c0bd  sl_Socket                             
2000a555  sl_Start                              
2000a645  sl_Stop                               
20007a11  sl_WlanConnect                        
2000d83d  sl_WlanDisconnect                     
2000bdfd  sl_WlanPolicySet                      
2000cc3d  sl_WlanProfileDel                     
2000c3e5  sl_WlanRxFilterSet                    
2000ba81  sl_WlanSet                            
2000cc9d  sl_WlanSetMode                        
2000d1d1  snprintf                              
2000c665  spi_Close                             
20009789  spi_Open                              
2000a735  spi_Read                              
2000bb19  spi_Write                             
2000e277  strchr                                
2000e2b5  strlen                                
2000d8ab  strncpy                               
2000d97d  strstr                                
2000d21d  uDMAChannelAssign                     
2000cb15  uDMAChannelAttributeDisable           
2000cb79  uDMAChannelAttributeEnable            
2000d7c9  uDMAChannelControlSet                 
2000e015  uDMAChannelEnable                     
2000a825  uDMAChannelTransferSet                
2000d61d  vsnprintf                             
2000e311  wcslen                                


GLOBAL SYMBOLS: SORTED BY Symbol Address 

address   name                                  
-------   ----                                  
00001000  __STACK_SIZE                          
00008000  __SYSMEM_SIZE                         
20004000  g_pfnVectors                          
20004401  SimpleLinkWlanEventHandler            
200045c5  SimpleLinkNetAppEventHandler          
2000463d  SimpleLinkGeneralEventHandler         
2000465d  SimpleLinkSockEventHandler            
20004711  SimpleLinkHttpServerCallback          
20004aeb  InitializeAppVariables                
20004b25  ConfigureSimpleLinkToDefaultState     
20004ec5  Network_IF_InitDriver                 
20005029  Network_IF_DeInitDriver               
200051c9  Network_IF_ConnectAP                  
200053af  Network_IF_DisconnectFromAP           
200053e5  Network_IF_IpConfigGet                
20005459  Network_IF_GetHostIP                  
200054c5  Network_IF_ResetMCUStateMachine       
200054cd  Network_IF_CurrentMCUState            
200054d3  Network_IF_SetMCUMachineState         
200054ef  Network_IF_UnsetMCUMachineState       
20005589  itoa                                  
200056c9  __TI_printfi                          
20006119  TimerA0ISR                            
200065ed  main                                  
20006ee7  OLED_Init                             
20007075  OLED_FillScreen                       
200070d3  OLED_DrawChar                         
200071db  OLED_DrawString                       
20007229  OLED_Printf                           
2000727d  OLED_DrawRect                         
20007309  WiFi_Connect                          
2000741d  WiFi_UploadWorkout                    
20007579  WiFi_IsConnected                      
2000775b  _nop                                  
200077e3  I2C_IF_Write                          
20007893  I2C_IF_Read                           
2000794f  I2C_IF_ReadFrom                       
20007995  I2C_IF_Open                           
200079fb  I2C_IF_Close                          
20007a11  sl_WlanConnect                        
20007c91  InitTerm                              
20007caf  Message                               
20007cd1  ClearTerm                             
20007cdb  Error                                 
20007d13  GetCmd                                
20007db9  TrimSpace                             
20007e51  Report                                
200083bd  Accel_Init                            
20008445  Accel_ReadRaw                         
200084bf  Accel_ProcessStep                     
2000857d  Accel_GetStepCount                    
20008583  Accel_ResetStepCount                  
200085ad  _SlDrvDataReadOp                      
20008791  _SlDrvReleasePoolObj                  
20008b2d  __aeabi_dsub                          
20008b37  __aeabi_dadd                          
20008ce3  __aeabi_idiv0                         
20008ce3  __aeabi_ldiv0                         
20008ce5  _SlDrvDriverCBInit                    
20009035  _SlDrvWaitForPoolObj                  
200091c5  sl_Connect                            
20009351  PRCMCC3200MCUInit                     
20009639  _SlDrvDataWriteOp                     
20009789  spi_Open                              
20009a15  sl_NetAppDnsGetHostByName             
20009c95  __aeabi_ddiv                          
20009dcd  sl_Send                               
20009f01  _SlDrvDriverCBDeinit                  
2000a151  _SlDrvNetAppEventHandler              
2000a255  PinMuxConfig                          
2000a359  aligned_alloc                         
2000a359  memalign                              
2000a459  __aeabi_dmul                          
2000a555  sl_Start                              
2000a645  sl_Stop                               
2000a735  spi_Read                              
2000a825  uDMAChannelTransferSet                
2000a9fd  _SlDrvMsgReadSpawnCtx                 
2000aae5  IR_Init                               
2000aaf9  IR_Read                               
2000ab19  IR_ProcessRep                         
2000aba3  IR_GetRepCount                        
2000aba9  IR_ResetRepCount                      
2000abcd  free                                  
2000acb1  realloc                               
2000ad95  sl_NetAppMDNSRegisterUnregisterService
2000af55  sl_NetCfgGet                          
2000b02d  ldexp                                 
2000b02d  ldexpl                                
2000b02d  scalbn                                
2000b02d  scalbnl                               
2000b0fd  _sl_HandleAsync_DnsGetHostByService   
2000b1c9  sl_DevGet                             
2000b359  _SlDrvCmdOp                           
2000b4cd  _SlNonOsSemGet                        
2000b57d  IntDisable                            
2000b625  IntEnable                             
2000b6cd  _SlDriverHandleError                  
2000b771  SPIConfigSetExpClk                    
2000b811  sl_Recv                               
2000b8b1  __aeabi_memcpy                        
2000b8b1  __aeabi_memcpy4                       
2000b8b1  __aeabi_memcpy8                       
2000b8b1  memcpy                                
2000b94d  _SlDrvDeviceEventHandler              
2000b9e9  sl_NetCfgSet                          
2000ba81  sl_WlanSet                            
2000bb19  spi_Write                             
2000bbb1  __aeabi_uldivmod                      
2000bc49  PRCMPeripheralClockGet                
2000bcdd  _sl_HandleAsync_DnsGetHostByName      
2000bd6d  _sl_HandleAsync_PingResponse          
2000bdfd  sl_WlanPolicySet                      
2000bfa5  _SlDrvIsTimeoutExpired                
2000c031  _sl_HandleAsync_InitComplete          
2000c0bd  sl_Socket                             
2000c149  PinConfigSet                          
2000c1d1  __aeabi_cdcmpeq                       
2000c1d1  __aeabi_cdcmple                       
2000c257  __aeabi_cdrcmple                      
2000c2dd  I2CMasterInitExpClk                   
2000c361  NwpPowerOnPreamble                    
2000c3e5  sl_WlanRxFilterSet                    
2000c469  _sl_HandleAsync_Connect               
2000c5e9  __aeabi_memclr                        
2000c5e9  __aeabi_memclr4                       
2000c5e9  __aeabi_memclr8                       
2000c5eb  __aeabi_memset                        
2000c5eb  __aeabi_memset4                       
2000c5eb  __aeabi_memset8                       
2000c5f1  memset                                
2000c665  spi_Close                             
2000c6dd  UARTConfigSetExpClk                   
2000c755  _SlNonOsMainLoopTask                  
2000c8a9  _SlDrvCmdSend                         
2000c915  _sl_NetAppSendTokenValue              
2000c981  __TI_decompress_lzss                  
2000c9e9  _SlNonOsSpawn                         
2000ca4d  _sl_HandleAsync_Accept                
2000cab1  sl_NetAppMDNSUnRegisterService        
2000cb15  uDMAChannelAttributeDisable           
2000cb79  uDMAChannelAttributeEnable            
2000cbdd  sl_Close                              
2000cc3d  sl_WlanProfileDel                     
2000cc9d  sl_WlanSetMode                        
2000ccfd  frexp                                 
2000ccfd  frexpl                                
2000cd59  IntPendClear                          
2000cdb1  PRCMPeripheralReset                   
2000ce61  IntPrioritySet                        
2000ceb5  _SlDrvRxIrqHandler                    
2000cf09  __TI_ltoa                             
2000cf5d  _sl_HandleAsync_Select                
2000d005  _sl_HandleAsync_Stop                  
2000d055  SPIIntEnable                          
2000d0ed  _SlDrvProtectAsyncRespSetting         
2000d185  atoi                                  
2000d1d1  snprintf                              
2000d21d  uDMAChannelAssign                     
2000d269  SPIIntClear                           
2000d2b1  _SlDrvBasicCmd                        
2000d2f9  __aeabi_d2iz                          
2000d385  TimerConfigure                        
2000d3c9  _SlDrvHandleHttpServerEvents          
2000d40d  _SlDrvSyncObjWaitTimeout              
2000d451  __TI_auto_init_nobinit_nopinit        
2000d4d9  sl_Htonl                              
2000d51d  PinModeSet                            
2000d55d  _SlDrvHandleNetAppEvents              
2000d59d  _SlDrvHandleWlanEvents                
2000d61d  vsnprintf                             
2000d65d  NwpRegisterInterruptHandler           
2000d715  PRCMPeripheralClkEnable               
2000d751  simplelink_timerA2_start              
2000d78d  sl_Htons                              
2000d7c9  uDMAChannelControlSet                 
2000d805  NwpPowerOff                           
2000d83d  sl_WlanDisconnect                     
2000d875  GPIODirModeSet                        
2000d8ab  strncpy                               
2000d8e1  NwpPowerOn                            
2000d915  PRCMPeripheralStatusGet               
2000d949  SPIFIFOLevelSet                       
2000d97d  strstr                                
2000d9b1  PinTypeGPIO                           
2000d9e1  UARTDisable                           
2000da71  __aeabi_i2d                           
2000da9f  I2CMasterErr                          
2000dacd  PRCMSysResetCauseGet                  
2000db25  _SlDrvProtectionObjLockWaitForever    
2000db51  TimerLoadSet                          
2000db7b  TimerPrescaleSet                      
2000dba5  PRCMPeripheralClkDisable              
2000dbcd  _SlDrvGlobalObjUnLock                 
2000dbf5  _SlDrvProtectionObjUnLock             
2000dc1d  _SlDrvSyncObjWaitForever              
2000dc6d  memmove                               
2000dc95  _SlDrvObjLockWaitForever              
2000dcbb  sl_Provisioning_HttpServerEventHdl    
2000dcc9  sl_Provisioning_NetAppEventHdl        
2000dcd5  sl_Provisioning_WlanEventHdl          
2000dce1  DmaSpiSwIntHandler                    
2000dd05  IntUnregister                         
2000dd29  UARTEnable                            
2000dd4d  _c_int00_noargs                       
2000dd71  I2CMasterSlaveAddrSet                 
2000dd93  SPIReset                              
2000ddb5  SPIWordCountSet                       
2000ddd7  GPIOPinWrite                          
2000ddf9  IntRegister                           
2000de19  NwpPrePowerOffTimout0                 
2000de39  SPIDataGet                            
2000de59  TimerGetCurrentTimestamp              
2000de79  _SlDrvObjUnLock                       
2000de99  _SlDrvSyncObjSignal                   
2000deb9  I2CMasterIntStatusEx                  
2000ded7  SPIDataPut                            
2000def5  TimerEnable                           
2000df13  UARTCharPut                           
2000df4f  PinTypeI2C                            
2000df6b  TimerValueGet                         
2000df87  UARTCharGetNonBlocking                
2000dfa3  _SlDrvStartMeasureTimeout             
2000dfbf  __TI_zero_init_nomemset               
2000dff9  memccpy                               
2000e015  uDMAChannelEnable                     
2000e031  PinTypeSPI                            
2000e04b  PinTypeUART                           
2000e065  SPIDmaDisable                         
2000e07f  SPIDmaEnable                          
2000e099  SPIFIFODisable                        
2000e0b3  SPIFIFOEnable                         
2000e0cd  SPIIntUnregister                      
2000e0e7  GPIOPinRead                           
2000e0ff  I2CMasterIntEnableEx                  
2000e117  SPICSDisable                          
2000e12f  SPICSEnable                           
2000e147  SPIDisable                            
2000e15f  SPIEnable                             
2000e177  TimerIntEnable                        
2000e18f  UARTCharsAvail                        
2000e1a7  _SlNonOsSemSet                        
2000e209  I2CMasterDataPut                      
2000e21f  I2CMasterEnable                       
2000e235  PRCMHIBRegRead                        
2000e24b  PRCMHIBRegWrite                       
2000e261  _SlDrvMemZero                         
2000e277  strchr                                
2000e28d  CPUcpsid                              
2000e2a1  CPUcpsie                              
2000e2b5  strlen                                
2000e2c9  I2CMasterControl                      
2000e2db  I2CMasterIntClearEx                   
2000e2ed  I2CMasterTimeoutSet                   
2000e2ff  TimerIntClear                         
2000e311  wcslen                                
2000e323  _SlDrvDispatchHttpServerEvents        
2000e333  I2CMasterDataGet                      
2000e341  _SlDrvResetCmdExt                     
2000e34f  __TI_decompress_none                  
2000e35d  ResetISR                              
2000e36d  NwpMaskInterrupt                      
2000e379  NwpUnMaskInterrupt                    
2000e385  copysign                              
2000e385  copysignl                             
2000e391  IntMasterDisable                      
2000e39b  IntMasterEnable                       
2000e3a5  __aeabi_errno_addr                    
2000e3ad  malloc                                
2000e3b5  UtilsDelay                            
2000e3bb  _system_pre_init                      
2000e3bf  C$$EXIT                               
2000e3bf  abort                                 
2000e58b  _ctypes_                              
2000e908  OpcodeTranslateTable                  
2000e944  _SlActionLookupTable                  
2000eb24  pcDigits                              
2000eb58  _SlNetAppSendTokenValueCmdCtrl        
2000eb98  __TI_static_base__                    
2000ebc0  __TI_Handler_Table_Base               
2000ebcc  __TI_Handler_Table_Limit              
2000ebd8  __TI_CINIT_Base                       
2000ebe8  __TI_CINIT_Limit                      
20017000  __start___llvm_prf_cnts               
20017000  __stop___llvm_prf_cnts                
20017000  _sys_memory                           
2001f168  g_ucDinDout                           
2001f1b8  g_ucConnectionSSID                    
2001f1dc  g_ucConnectionBSSID                   
2001f1e8  g_usConnectIndex                      
2001f1ea  RxIrqCnt                              
2001f1eb  g_bDeviceRestartIsRequired            
2001f1ec  g_cDummy                              
2001f1f0  g__SlNonOsCB                          
2001f23c  g_SlDeviceStatus                      
2001f240  g_pCB                                 
2001f244  pPingCallBackFunc                     
2001f258  g_ulStatus                            
2001f25c  g_ulStaIp                             
2001f260  g_ulGatewayIP                         
2001f270  g_SpiFd                               
2001f274  g_pHostIntHdl                         
2001f278  g_ucDMAEnabled                        
2001f27c  _lock                                 
2001f280  _unlock                               
2001f28c  errno                                 
2002f000  __stack                               
20030000  __STACK_END                           
ffffffff  __TI_pprof_out_hndl                   
ffffffff  __TI_prof_data_size                   
ffffffff  __TI_prof_data_start                  
ffffffff  __binit__                             
ffffffff  __c_args__                            
ffffffff  binit                                 
UNDEFED   __mpu_init                            
UNDEFED   _system_post_cinit                    

[316 symbols]
